[INFO] Scanning for projects...
[INFO] 
[INFO] --------------------------< com.academic:fh >---------------------------
[INFO] Building fh 0.0.1-SNAPSHOT
[INFO]   from pom.xml
[INFO] --------------------------------[ jar ]---------------------------------
[INFO] 
[INFO] --- resources:3.3.1:resources (default-resources) @ fh ---
[INFO] Copying 1 resource from src\main\resources to target\classes
[INFO] Copying 52 resources from src\main\resources to target\classes
[INFO] 
[INFO] --- compiler:3.11.0:compile (default-compile) @ fh ---
[INFO] Changes detected - recompiling the module! :source
[INFO] Compiling 83 source files with javac [debug release 17] to target\classes
[INFO] Annotation processing is enabled because one or more processors were found
  on the class path. A future release of javac may disable annotation processing
  unless at least one processor is specified by name (-processor), or a search
  path is specified (--processor-path, --processor-module-path), or annotation
  processing is enabled explicitly (-proc:only, -proc:full).
  Use -Xlint:-options to suppress this message.
  Use -proc:none to disable annotation processing.
[INFO] /C:/Users/arjos/Downloads/fh/src/main/java/com/academic/fh/config/SecurityConfig.java: C:\Users\arjos\Downloads\fh\src\main\java\com\academic\fh\config\SecurityConfig.java uses or overrides a deprecated API.
[INFO] /C:/Users/arjos/Downloads/fh/src/main/java/com/academic/fh/config/SecurityConfig.java: Recompile with -Xlint:deprecation for details.
[INFO] Some messages have been simplified; recompile with -Xdiags:verbose to get full output
[INFO] -------------------------------------------------------------
[ERROR] COMPILATION ERROR : 
[INFO] -------------------------------------------------------------
[ERROR] /C:/Users/arjos/Downloads/fh/src/main/java/com/academic/fh/service/VentaService.java:[67,14] cannot find symbol
  symbol:   method setFecha(java.time.LocalDateTime)
  location: variable venta of type com.academic.fh.model.Venta
[ERROR] /C:/Users/arjos/Downloads/fh/src/main/java/com/academic/fh/service/VentaService.java:[68,14] cannot find symbol
  symbol:   method setTotal(double)
  location: variable venta of type com.academic.fh.model.Venta
[ERROR] /C:/Users/arjos/Downloads/fh/src/main/java/com/academic/fh/service/VentaService.java:[84,20] cannot find symbol
  symbol:   method setCantidad(java.lang.Integer)
  location: variable detalle of type com.academic.fh.model.VentaDetalle
[ERROR] /C:/Users/arjos/Downloads/fh/src/main/java/com/academic/fh/service/VentaService.java:[85,20] cannot find symbol
  symbol:   method setPrecioUnitario(java.lang.Double)
  location: variable detalle of type com.academic.fh.model.VentaDetalle
[ERROR] /C:/Users/arjos/Downloads/fh/src/main/java/com/academic/fh/service/VentaService.java:[86,42] incompatible types: double cannot be converted to java.math.BigDecimal
[ERROR] /C:/Users/arjos/Downloads/fh/src/main/java/com/academic/fh/service/VentaService.java:[149,42] cannot find symbol
  symbol:   method getVentaId()
  location: class com.academic.fh.model.Venta
[ERROR] /C:/Users/arjos/Downloads/fh/src/main/java/com/academic/fh/service/InventarioService.java:[45,37] cannot find symbol
  symbol:   method getStock()
  location: variable inv of type com.academic.fh.model.Inventario
[ERROR] /C:/Users/arjos/Downloads/fh/src/main/java/com/academic/fh/service/InventarioService.java:[59,37] cannot find symbol
  symbol:   method getStock()
  location: variable inv of type com.academic.fh.model.Inventario
[ERROR] /C:/Users/arjos/Downloads/fh/src/main/java/com/academic/fh/controller/publico/CheckoutController.java:[63,52] cannot find symbol
  symbol:   method getVentaId()
  location: variable venta of type com.academic.fh.model.Venta
[INFO] 9 errors 
[INFO] -------------------------------------------------------------
[INFO] ------------------------------------------------------------------------
[INFO] BUILD FAILURE
[INFO] ------------------------------------------------------------------------
[INFO] Total time:  7.436 s
[INFO] Finished at: 2025-11-26T17:18:06-05:00
[INFO] ------------------------------------------------------------------------
[ERROR] Failed to execute goal org.apache.maven.plugins:maven-compiler-plugin:3.11.0:compile (default-compile) on project fh: Compilation failure: Compilation failure: 
[ERROR] /C:/Users/arjos/Downloads/fh/src/main/java/com/academic/fh/service/VentaService.java:[67,14] cannot find symbol
[ERROR]   symbol:   method setFecha(java.time.LocalDateTime)
[ERROR]   location: variable venta of type com.academic.fh.model.Venta
[ERROR] /C:/Users/arjos/Downloads/fh/src/main/java/com/academic/fh/service/VentaService.java:[68,14] cannot find symbol
[ERROR]   symbol:   method setTotal(double)
[ERROR]   location: variable venta of type com.academic.fh.model.Venta
[ERROR] /C:/Users/arjos/Downloads/fh/src/main/java/com/academic/fh/service/VentaService.java:[84,20] cannot find symbol
[ERROR]   symbol:   method setCantidad(java.lang.Integer)
[ERROR]   location: variable detalle of type com.academic.fh.model.VentaDetalle
[ERROR] /C:/Users/arjos/Downloads/fh/src/main/java/com/academic/fh/service/VentaService.java:[85,20] cannot find symbol
[ERROR]   symbol:   method setPrecioUnitario(java.lang.Double)
[ERROR]   location: variable detalle of type com.academic.fh.model.VentaDetalle
[ERROR] /C:/Users/arjos/Downloads/fh/src/main/java/com/academic/fh/service/VentaService.java:[86,42] incompatible types: double cannot be converted to java.math.BigDecimal
[ERROR] /C:/Users/arjos/Downloads/fh/src/main/java/com/academic/fh/service/VentaService.java:[149,42] cannot find symbol
[ERROR]   symbol:   method getVentaId()
[ERROR]   location: class com.academic.fh.model.Venta
[ERROR] /C:/Users/arjos/Downloads/fh/src/main/java/com/academic/fh/service/InventarioService.java:[45,37] cannot find symbol
[ERROR]   symbol:   method getStock()
[ERROR]   location: variable inv of type com.academic.fh.model.Inventario
[ERROR] /C:/Users/arjos/Downloads/fh/src/main/java/com/academic/fh/service/InventarioService.java:[59,37] cannot find symbol
[ERROR]   symbol:   method getStock()
[ERROR]   location: variable inv of type com.academic.fh.model.Inventario
[ERROR] /C:/Users/arjos/Downloads/fh/src/main/java/com/academic/fh/controller/publico/CheckoutController.java:[63,52] cannot find symbol
[ERROR]   symbol:   method getVentaId()
[ERROR]   location: variable venta of type com.academic.fh.model.Venta
[ERROR] -> [Help 1]
[ERROR] 
[ERROR] To see the full stack trace of the errors, re-run Maven with the -e switch.
[ERROR] Re-run Maven using the -X switch to enable full debug logging.
[ERROR] 
[ERROR] For more information about the errors and possible solutions, please read the following articles:
[ERROR] [Help 1] http://cwiki.apache.org/confluence/display/MAVEN/MojoFailureException
