Apache Maven 3.9.11 (3e54c93a704957b63ee3494413a2b544fd3d825b)
Maven home: C:\Users\arjos\.m2\wrapper\dists\apache-maven-3.9.11\03d7e36a140982eea48e22c1dcac01d8862b2550b2939e09a0809bbc5182a5bc
Java version: 21.0.8, vendor: Oracle Corporation, runtime: C:\Program Files\Java\jdk-21
Default locale: es_CO, platform encoding: UTF-8
OS name: "windows 11", version: "10.0", arch: "amd64", family: "windows"
[DEBUG] Created new class realm maven.api
[DEBUG] Importing foreign packages into class realm maven.api
[DEBUG]   Imported: javax.annotation.* < plexus.core
[DEBUG]   Imported: javax.annotation.security.* < plexus.core
[DEBUG]   Imported: javax.inject.* < plexus.core
[DEBUG]   Imported: org.apache.maven.* < plexus.core
[DEBUG]   Imported: org.apache.maven.artifact < plexus.core
[DEBUG]   Imported: org.apache.maven.classrealm < plexus.core
[DEBUG]   Imported: org.apache.maven.cli < plexus.core
[DEBUG]   Imported: org.apache.maven.configuration < plexus.core
[DEBUG]   Imported: org.apache.maven.exception < plexus.core
[DEBUG]   Imported: org.apache.maven.execution < plexus.core
[DEBUG]   Imported: org.apache.maven.execution.scope < plexus.core
[DEBUG]   Imported: org.apache.maven.graph < plexus.core
[DEBUG]   Imported: org.apache.maven.lifecycle < plexus.core
[DEBUG]   Imported: org.apache.maven.model < plexus.core
[DEBUG]   Imported: org.apache.maven.monitor < plexus.core
[DEBUG]   Imported: org.apache.maven.plugin < plexus.core
[DEBUG]   Imported: org.apache.maven.profiles < plexus.core
[DEBUG]   Imported: org.apache.maven.project < plexus.core
[DEBUG]   Imported: org.apache.maven.reporting < plexus.core
[DEBUG]   Imported: org.apache.maven.repository < plexus.core
[DEBUG]   Imported: org.apache.maven.rtinfo < plexus.core
[DEBUG]   Imported: org.apache.maven.settings < plexus.core
[DEBUG]   Imported: org.apache.maven.toolchain < plexus.core
[DEBUG]   Imported: org.apache.maven.usability < plexus.core
[DEBUG]   Imported: org.apache.maven.wagon.* < plexus.core
[DEBUG]   Imported: org.apache.maven.wagon.authentication < plexus.core
[DEBUG]   Imported: org.apache.maven.wagon.authorization < plexus.core
[DEBUG]   Imported: org.apache.maven.wagon.events < plexus.core
[DEBUG]   Imported: org.apache.maven.wagon.observers < plexus.core
[DEBUG]   Imported: org.apache.maven.wagon.proxy < plexus.core
[DEBUG]   Imported: org.apache.maven.wagon.repository < plexus.core
[DEBUG]   Imported: org.apache.maven.wagon.resource < plexus.core
[DEBUG]   Imported: org.codehaus.classworlds < plexus.core
[DEBUG]   Imported: org.codehaus.plexus.* < plexus.core
[DEBUG]   Imported: org.codehaus.plexus.classworlds < plexus.core
[DEBUG]   Imported: org.codehaus.plexus.component < plexus.core
[DEBUG]   Imported: org.codehaus.plexus.configuration < plexus.core
[DEBUG]   Imported: org.codehaus.plexus.container < plexus.core
[DEBUG]   Imported: org.codehaus.plexus.context < plexus.core
[DEBUG]   Imported: org.codehaus.plexus.lifecycle < plexus.core
[DEBUG]   Imported: org.codehaus.plexus.logging < plexus.core
[DEBUG]   Imported: org.codehaus.plexus.personality < plexus.core
[DEBUG]   Imported: org.codehaus.plexus.util.xml.Xpp3Dom < plexus.core
[DEBUG]   Imported: org.codehaus.plexus.util.xml.pull.XmlPullParser < plexus.core
[DEBUG]   Imported: org.codehaus.plexus.util.xml.pull.XmlPullParserException < plexus.core
[DEBUG]   Imported: org.codehaus.plexus.util.xml.pull.XmlSerializer < plexus.core
[DEBUG]   Imported: org.eclipse.aether.* < plexus.core
[DEBUG]   Imported: org.eclipse.aether.artifact < plexus.core
[DEBUG]   Imported: org.eclipse.aether.collection < plexus.core
[DEBUG]   Imported: org.eclipse.aether.deployment < plexus.core
[DEBUG]   Imported: org.eclipse.aether.graph < plexus.core
[DEBUG]   Imported: org.eclipse.aether.impl < plexus.core
[DEBUG]   Imported: org.eclipse.aether.installation < plexus.core
[DEBUG]   Imported: org.eclipse.aether.internal.impl < plexus.core
[DEBUG]   Imported: org.eclipse.aether.metadata < plexus.core
[DEBUG]   Imported: org.eclipse.aether.repository < plexus.core
[DEBUG]   Imported: org.eclipse.aether.resolution < plexus.core
[DEBUG]   Imported: org.eclipse.aether.spi < plexus.core
[DEBUG]   Imported: org.eclipse.aether.transfer < plexus.core
[DEBUG]   Imported: org.eclipse.aether.util < plexus.core
[DEBUG]   Imported: org.eclipse.aether.version < plexus.core
[DEBUG]   Imported: org.fusesource.jansi.* < plexus.core
[DEBUG]   Imported: org.slf4j.* < plexus.core
[DEBUG]   Imported: org.slf4j.event.* < plexus.core
[DEBUG]   Imported: org.slf4j.helpers.* < plexus.core
[DEBUG]   Imported: org.slf4j.spi.* < plexus.core
[DEBUG] Populating class realm maven.api
[DEBUG] Created adapter factory; available factories [file-lock, rwlock-local, semaphore-local, noop]; available name mappers [discriminating, file-gav, file-hgav, file-static, gav, static]
[INFO] Error stacktraces are turned on.
[DEBUG] Message scheme: color
[DEBUG] Message styles: debug info warning error success failure strong mojo project
[DEBUG] Reading global settings from C:\Users\arjos\.m2\wrapper\dists\apache-maven-3.9.11\03d7e36a140982eea48e22c1dcac01d8862b2550b2939e09a0809bbc5182a5bc\conf\settings.xml
[DEBUG] Reading user settings from C:\Users\arjos\.m2\settings.xml
[DEBUG] Reading global toolchains from C:\Users\arjos\.m2\wrapper\dists\apache-maven-3.9.11\03d7e36a140982eea48e22c1dcac01d8862b2550b2939e09a0809bbc5182a5bc\conf\toolchains.xml
[DEBUG] Reading user toolchains from C:\Users\arjos\.m2\toolchains.xml
[DEBUG] Using local repository at C:\Users\arjos\.m2\repository
[DEBUG] Using manager EnhancedLocalRepositoryManager with priority 10.0 for C:\Users\arjos\.m2\repository
[INFO] Scanning for projects...
[DEBUG] Creating adapter using nameMapper 'gav' and factory 'rwlock-local'
[DEBUG] Extension realms for project com.academic:fh:jar:0.0.1-SNAPSHOT: (none)
[DEBUG] Looking up lifecycle mappings for packaging jar from ClassRealm[plexus.core, parent: null]
[DEBUG] Extension realms for project org.springframework.boot:spring-boot-starter-parent:pom:3.5.7: (none)
[DEBUG] Looking up lifecycle mappings for packaging pom from ClassRealm[plexus.core, parent: null]
[DEBUG] Extension realms for project org.springframework.boot:spring-boot-dependencies:pom:3.5.7: (none)
[DEBUG] Looking up lifecycle mappings for packaging pom from ClassRealm[plexus.core, parent: null]
[DEBUG] === REACTOR BUILD PLAN ================================================
[DEBUG] Project: com.academic:fh:jar:0.0.1-SNAPSHOT
[DEBUG] Tasks:   [clean, compile]
[DEBUG] Style:   Regular
[DEBUG] =======================================================================
[INFO] 
[INFO] --------------------------< com.academic:fh >---------------------------
[INFO] Building fh 0.0.1-SNAPSHOT
[INFO]   from pom.xml
[INFO] --------------------------------[ jar ]---------------------------------
[DEBUG] Lifecycle clean -> [pre-clean, clean, post-clean]
[DEBUG] Lifecycle default -> [validate, initialize, generate-sources, process-sources, generate-resources, process-resources, compile, process-classes, generate-test-sources, process-test-sources, generate-test-resources, process-test-resources, test-compile, process-test-classes, test, prepare-package, package, pre-integration-test, integration-test, post-integration-test, verify, install, deploy]
[DEBUG] Lifecycle site -> [pre-site, site, post-site, site-deploy]
[DEBUG] Lifecycle clean -> [pre-clean, clean, post-clean]
[DEBUG] Lifecycle default -> [validate, initialize, generate-sources, process-sources, generate-resources, process-resources, compile, process-classes, generate-test-sources, process-test-sources, generate-test-resources, process-test-resources, test-compile, process-test-classes, test, prepare-package, package, pre-integration-test, integration-test, post-integration-test, verify, install, deploy]
[DEBUG] Lifecycle site -> [pre-site, site, post-site, site-deploy]
[DEBUG] Lifecycle clean -> [pre-clean, clean, post-clean]
[DEBUG] Lifecycle default -> [validate, initialize, generate-sources, process-sources, generate-resources, process-resources, compile, process-classes, generate-test-sources, process-test-sources, generate-test-resources, process-test-resources, test-compile, process-test-classes, test, prepare-package, package, pre-integration-test, integration-test, post-integration-test, verify, install, deploy]
[DEBUG] Lifecycle site -> [pre-site, site, post-site, site-deploy]
[DEBUG] Lifecycle clean -> [pre-clean, clean, post-clean]
[DEBUG] Lifecycle default -> [validate, initialize, generate-sources, process-sources, generate-resources, process-resources, compile, process-classes, generate-test-sources, process-test-sources, generate-test-resources, process-test-resources, test-compile, process-test-classes, test, prepare-package, package, pre-integration-test, integration-test, post-integration-test, verify, install, deploy]
[DEBUG] Lifecycle site -> [pre-site, site, post-site, site-deploy]
[DEBUG] Lifecycle clean -> [pre-clean, clean, post-clean]
[DEBUG] Lifecycle default -> [validate, initialize, generate-sources, process-sources, generate-resources, process-resources, compile, process-classes, generate-test-sources, process-test-sources, generate-test-resources, process-test-resources, test-compile, process-test-classes, test, prepare-package, package, pre-integration-test, integration-test, post-integration-test, verify, install, deploy]
[DEBUG] Lifecycle site -> [pre-site, site, post-site, site-deploy]
[DEBUG] === PROJECT BUILD PLAN ================================================
[DEBUG] Project:       com.academic:fh:0.0.1-SNAPSHOT
[DEBUG] Dependencies (collect): []
[DEBUG] Dependencies (resolve): [compile]
[DEBUG] Repositories (dependencies): [central (https://repo.maven.apache.org/maven2, default, releases)]
[DEBUG] Repositories (plugins)     : [central (https://repo.maven.apache.org/maven2, default, releases)]
[DEBUG] -----------------------------------------------------------------------
[DEBUG] Goal:          org.apache.maven.plugins:maven-clean-plugin:3.4.1:clean (default-clean)
[DEBUG] Style:         Regular
[DEBUG] Configuration: <?xml version="1.0" encoding="UTF-8"?>
<configuration>
  <directory default-value="${project.build.directory}"/>
  <excludeDefaultDirectories default-value="false">${maven.clean.excludeDefaultDirectories}</excludeDefaultDirectories>
  <failOnError default-value="true">${maven.clean.failOnError}</failOnError>
  <fast default-value="false">${maven.clean.fast}</fast>
  <fastDir>${maven.clean.fastDir}</fastDir>
  <fastMode default-value="background">${maven.clean.fastMode}</fastMode>
  <followSymLinks default-value="false">${maven.clean.followSymLinks}</followSymLinks>
  <outputDirectory default-value="${project.build.outputDirectory}"/>
  <reportDirectory default-value="${project.build.outputDirectory}"/>
  <retryOnError default-value="true">${maven.clean.retryOnError}</retryOnError>
  <session default-value="${session}"/>
  <skip default-value="false">${maven.clean.skip}</skip>
  <testOutputDirectory default-value="${project.build.testOutputDirectory}"/>
  <verbose>${maven.clean.verbose}</verbose>
</configuration>
[DEBUG] -----------------------------------------------------------------------
[DEBUG] Goal:          org.apache.maven.plugins:maven-resources-plugin:3.3.1:resources (default-resources)
[DEBUG] Style:         Regular
[DEBUG] Configuration: <?xml version="1.0" encoding="UTF-8"?>
<configuration>
  <addDefaultExcludes default-value="true"/>
  <buildFilters default-value="${project.build.filters}"/>
  <delimiters>
    <delimiter>@</delimiter>
  </delimiters>
  <encoding default-value="${project.build.sourceEncoding}"/>
  <escapeWindowsPaths default-value="true"/>
  <fileNameFiltering default-value="false"/>
  <includeEmptyDirs default-value="false"/>
  <outputDirectory default-value="${project.build.outputDirectory}"/>
  <overwrite default-value="false"/>
  <project default-value="${project}"/>
  <propertiesEncoding>UTF-8</propertiesEncoding>
  <resources default-value="${project.resources}"/>
  <session default-value="${session}"/>
  <skip default-value="false">${maven.resources.skip}</skip>
  <supportMultiLineFiltering default-value="false"/>
  <useBuildFilters default-value="true"/>
  <useDefaultDelimiters default-value="true">false</useDefaultDelimiters>
</configuration>
[DEBUG] -----------------------------------------------------------------------
[DEBUG] Goal:          org.apache.maven.plugins:maven-compiler-plugin:3.11.0:compile (default-compile)
[DEBUG] Style:         Regular
[DEBUG] Configuration: <?xml version="1.0" encoding="UTF-8"?>
<configuration>
  <basedir default-value="${basedir}"/>
  <buildDirectory default-value="${project.build.directory}"/>
  <compilePath default-value="${project.compileClasspathElements}"/>
  <compileSourceRoots default-value="${project.compileSourceRoots}"/>
  <compilerId default-value="javac">${maven.compiler.compilerId}</compilerId>
  <compilerReuseStrategy default-value="${reuseCreated}">${maven.compiler.compilerReuseStrategy}</compilerReuseStrategy>
  <compilerVersion>${maven.compiler.compilerVersion}</compilerVersion>
  <createMissingPackageInfoClass default-value="true">${maven.compiler.createMissingPackageInfoClass}</createMissingPackageInfoClass>
  <debug default-value="true">${maven.compiler.debug}</debug>
  <debugFileName default-value="javac"/>
  <debuglevel>${maven.compiler.debuglevel}</debuglevel>
  <enablePreview default-value="false">${maven.compiler.enablePreview}</enablePreview>
  <encoding default-value="${project.build.sourceEncoding}">${encoding}</encoding>
  <executable>${maven.compiler.executable}</executable>
  <failOnError default-value="true">${maven.compiler.failOnError}</failOnError>
  <failOnWarning default-value="false">${maven.compiler.failOnWarning}</failOnWarning>
  <forceJavacCompilerUse default-value="false">${maven.compiler.forceJavacCompilerUse}</forceJavacCompilerUse>
  <fork default-value="false">${maven.compiler.fork}</fork>
  <generatedSourcesDirectory default-value="${project.build.directory}/generated-sources/annotations"/>
  <implicit>${maven.compiler.implicit}</implicit>
  <maxmem>${maven.compiler.maxmem}</maxmem>
  <meminitial>${maven.compiler.meminitial}</meminitial>
  <mojoExecution default-value="${mojoExecution}"/>
  <optimize default-value="false">${maven.compiler.optimize}</optimize>
  <outputDirectory default-value="${project.build.outputDirectory}"/>
  <parameters default-value="false">true</parameters>
  <project default-value="${project}"/>
  <projectArtifact default-value="${project.artifact}"/>
  <release>17</release>
  <session default-value="${session}"/>
  <showCompilationChanges default-value="false">${maven.compiler.showCompilationChanges}</showCompilationChanges>
  <showDeprecation default-value="false">${maven.compiler.showDeprecation}</showDeprecation>
  <showWarnings default-value="true">${maven.compiler.showWarnings}</showWarnings>
  <skipMain>${maven.main.skip}</skipMain>
  <skipMultiThreadWarning default-value="false">${maven.compiler.skipMultiThreadWarning}</skipMultiThreadWarning>
  <source default-value="1.8">${maven.compiler.source}</source>
  <staleMillis default-value="0">${lastModGranularityMs}</staleMillis>
  <target default-value="1.8">${maven.compiler.target}</target>
  <useIncrementalCompilation default-value="true">${maven.compiler.useIncrementalCompilation}</useIncrementalCompilation>
  <verbose default-value="false">${maven.compiler.verbose}</verbose>
</configuration>
[DEBUG] =======================================================================
[DEBUG] Using mirror maven-default-http-blocker (http://0.0.0.0/) for vaadin-snapshots (http://oss.sonatype.org/content/repositories/vaadin-snapshots/).
[DEBUG] Using mirror maven-default-http-blocker (http://0.0.0.0/) for vaadin-releases (http://oss.sonatype.org/content/repositories/vaadin-releases/).
[DEBUG] Dependency collection stats {ConflictMarker.analyzeTime=2948000, ConflictMarker.markTime=829200, ConflictMarker.nodeCount=215, ConflictIdSorter.graphTime=2438900, ConflictIdSorter.topsortTime=1476800, ConflictIdSorter.conflictIdCount=105, ConflictIdSorter.conflictIdCycleCount=0, ConflictResolver.totalTime=27574600, ConflictResolver.conflictItemCount=212, DfDependencyCollector.collectTime=1020723200, DfDependencyCollector.transformTime=39622900}
[DEBUG] com.academic:fh:jar:0.0.1-SNAPSHOT
[DEBUG]    org.springframework.boot:spring-boot-starter-web:jar:3.5.7:compile
[DEBUG]       org.springframework.boot:spring-boot-starter:jar:3.5.7:compile (version managed from 3.5.7)
[DEBUG]          org.springframework.boot:spring-boot-starter-logging:jar:3.5.7:compile (version managed from 3.5.7)
[DEBUG]             ch.qos.logback:logback-classic:jar:1.5.20:compile (version managed from 1.5.20)
[DEBUG]                ch.qos.logback:logback-core:jar:1.5.20:compile (version managed from 1.5.20)
[DEBUG]             org.apache.logging.log4j:log4j-to-slf4j:jar:2.24.3:compile (version managed from 2.24.3)
[DEBUG]                org.apache.logging.log4j:log4j-api:jar:2.24.3:compile (version managed from 2.24.3)
[DEBUG]             org.slf4j:jul-to-slf4j:jar:2.0.17:compile (version managed from 2.0.17)
[DEBUG]          jakarta.annotation:jakarta.annotation-api:jar:2.1.1:compile (version managed from 2.1.1)
[DEBUG]          org.yaml:snakeyaml:jar:2.4:compile (version managed from 2.4)
[DEBUG]       org.springframework.boot:spring-boot-starter-json:jar:3.5.7:compile (version managed from 3.5.7)
[DEBUG]          com.fasterxml.jackson.core:jackson-databind:jar:2.19.2:compile (version managed from 2.19.2)
[DEBUG]             com.fasterxml.jackson.core:jackson-annotations:jar:2.19.2:compile (version managed from 2.19.2)
[DEBUG]             com.fasterxml.jackson.core:jackson-core:jar:2.19.2:compile (version managed from 2.19.2)
[DEBUG]          com.fasterxml.jackson.datatype:jackson-datatype-jdk8:jar:2.19.2:compile (version managed from 2.19.2)
[DEBUG]          com.fasterxml.jackson.datatype:jackson-datatype-jsr310:jar:2.19.2:compile (version managed from 2.19.2)
[DEBUG]          com.fasterxml.jackson.module:jackson-module-parameter-names:jar:2.19.2:compile (version managed from 2.19.2)
[DEBUG]       org.springframework.boot:spring-boot-starter-tomcat:jar:3.5.7:compile (version managed from 3.5.7)
[DEBUG]          org.apache.tomcat.embed:tomcat-embed-core:jar:10.1.48:compile (version managed from 10.1.48)
[DEBUG]          org.apache.tomcat.embed:tomcat-embed-websocket:jar:10.1.48:compile (version managed from 10.1.48)
[DEBUG]       org.springframework:spring-web:jar:6.2.12:compile (version managed from 6.2.12)
[DEBUG]          org.springframework:spring-beans:jar:6.2.12:compile (version managed from 6.2.12)
[DEBUG]          io.micrometer:micrometer-observation:jar:1.15.5:compile (version managed from 1.14.12)
[DEBUG]             io.micrometer:micrometer-commons:jar:1.15.5:compile (version managed from 1.15.5)
[DEBUG]       org.springframework:spring-webmvc:jar:6.2.12:compile (version managed from 6.2.12)
[DEBUG]          org.springframework:spring-context:jar:6.2.12:compile (version managed from 6.2.12)
[DEBUG]          org.springframework:spring-expression:jar:6.2.12:compile (version managed from 6.2.12)
[DEBUG]    org.springframework.boot:spring-boot-starter-thymeleaf:jar:3.5.7:compile
[DEBUG]       org.thymeleaf:thymeleaf-spring6:jar:3.1.3.RELEASE:compile (version managed from 3.1.3.RELEASE)
[DEBUG]          org.thymeleaf:thymeleaf:jar:3.1.3.RELEASE:compile (version managed from 3.1.3.RELEASE)
[DEBUG]             org.attoparser:attoparser:jar:2.0.7.RELEASE:compile
[DEBUG]             org.unbescape:unbescape:jar:1.1.6.RELEASE:compile
[DEBUG]          org.slf4j:slf4j-api:jar:2.0.17:compile (version managed from 2.0.16)
[DEBUG]    org.springframework.boot:spring-boot-starter-data-jpa:jar:3.5.7:compile
[DEBUG]       org.springframework.boot:spring-boot-starter-jdbc:jar:3.5.7:compile (version managed from 3.5.7)
[DEBUG]          com.zaxxer:HikariCP:jar:6.3.3:compile (version managed from 6.3.3)
[DEBUG]          org.springframework:spring-jdbc:jar:6.2.12:compile (version managed from 6.2.12)
[DEBUG]       org.hibernate.orm:hibernate-core:jar:6.6.33.Final:compile (version managed from 6.6.33.Final)
[DEBUG]          jakarta.persistence:jakarta.persistence-api:jar:3.1.0:compile (version managed from 3.1.0)
[DEBUG]          jakarta.transaction:jakarta.transaction-api:jar:2.0.1:compile (version managed from 2.0.1)
[DEBUG]          org.jboss.logging:jboss-logging:jar:3.6.1.Final:compile (version managed from 3.5.0.Final)
[DEBUG]          org.hibernate.common:hibernate-commons-annotations:jar:7.0.3.Final:runtime
[DEBUG]          io.smallrye:jandex:jar:3.2.0:runtime
[DEBUG]          com.fasterxml:classmate:jar:1.7.1:compile (version managed from 1.5.1)
[DEBUG]          net.bytebuddy:byte-buddy:jar:1.17.8:runtime (version managed from 1.15.11)
[DEBUG]          org.glassfish.jaxb:jaxb-runtime:jar:4.0.6:runtime (version managed from 4.0.2)
[DEBUG]             org.glassfish.jaxb:jaxb-core:jar:4.0.6:runtime (version managed from 4.0.6)
[DEBUG]                org.eclipse.angus:angus-activation:jar:2.0.3:runtime (version managed from 2.0.3)
[DEBUG]                org.glassfish.jaxb:txw2:jar:4.0.6:runtime (version managed from 4.0.6)
[DEBUG]                com.sun.istack:istack-commons-runtime:jar:4.1.2:runtime (version managed from 4.1.2)
[DEBUG]          jakarta.inject:jakarta.inject-api:jar:2.0.1:runtime (version managed from 2.0.1)
[DEBUG]          org.antlr:antlr4-runtime:jar:4.13.0:compile
[DEBUG]       org.springframework.data:spring-data-jpa:jar:3.5.5:compile (version managed from 3.5.5)
[DEBUG]          org.springframework.data:spring-data-commons:jar:3.5.5:compile (version managed from 3.5.5)
[DEBUG]          org.springframework:spring-orm:jar:6.2.12:compile (version managed from 6.2.12)
[DEBUG]          org.springframework:spring-tx:jar:6.2.12:compile (version managed from 6.2.12)
[DEBUG]       org.springframework:spring-aspects:jar:6.2.12:compile (version managed from 6.2.12)
[DEBUG]          org.aspectj:aspectjweaver:jar:1.9.24:compile (version managed from 1.9.22.1)
[DEBUG]    com.mysql:mysql-connector-j:jar:9.4.0:runtime (exclusions managed from [com.google.protobuf:protobuf-java:*:*])
[DEBUG]    com.h2database:h2:jar:2.3.232:runtime
[DEBUG]    org.springframework.boot:spring-boot-starter-validation:jar:3.5.7:compile
[DEBUG]       org.apache.tomcat.embed:tomcat-embed-el:jar:10.1.48:compile (version managed from 10.1.48)
[DEBUG]       org.hibernate.validator:hibernate-validator:jar:8.0.3.Final:compile (version managed from 8.0.3.Final)
[DEBUG]          jakarta.validation:jakarta.validation-api:jar:3.0.2:compile (version managed from 3.0.2)
[DEBUG]    org.springframework.boot:spring-boot-starter-security:jar:3.5.7:compile
[DEBUG]       org.springframework:spring-aop:jar:6.2.12:compile (version managed from 6.2.12)
[DEBUG]       org.springframework.security:spring-security-config:jar:6.5.6:compile (version managed from 6.5.6)
[DEBUG]          org.springframework.security:spring-security-core:jar:6.5.6:compile (version managed from 6.5.6)
[DEBUG]             org.springframework.security:spring-security-crypto:jar:6.5.6:compile (version managed from 6.5.6)
[DEBUG]       org.springframework.security:spring-security-web:jar:6.5.6:compile (version managed from 6.5.6)
[DEBUG]    com.github.librepdf:openpdf:jar:1.3.40:compile
[DEBUG]    org.projectlombok:lombok:jar:1.18.42:compile (optional)
[DEBUG]    org.springframework.boot:spring-boot-devtools:jar:3.5.7:runtime (optional)
[DEBUG]       org.springframework.boot:spring-boot:jar:3.5.7:compile (version managed from 3.5.7)
[DEBUG]       org.springframework.boot:spring-boot-autoconfigure:jar:3.5.7:compile (version managed from 3.5.7)
[DEBUG]    org.springframework.boot:spring-boot-starter-test:jar:3.5.7:test
[DEBUG]       org.springframework.boot:spring-boot-test:jar:3.5.7:test (version managed from 3.5.7)
[DEBUG]       org.springframework.boot:spring-boot-test-autoconfigure:jar:3.5.7:test (version managed from 3.5.7)
[DEBUG]       com.jayway.jsonpath:json-path:jar:2.9.0:test (version managed from 2.9.0)
[DEBUG]       jakarta.xml.bind:jakarta.xml.bind-api:jar:4.0.4:runtime (version managed from 4.0.4)
[DEBUG]          jakarta.activation:jakarta.activation-api:jar:2.1.4:runtime (version managed from 2.1.4)
[DEBUG]       net.minidev:json-smart:jar:2.5.2:test (version managed from 2.5.2)
[DEBUG]          net.minidev:accessors-smart:jar:2.5.2:test
[DEBUG]             org.ow2.asm:asm:jar:9.7.1:test
[DEBUG]       org.assertj:assertj-core:jar:3.27.6:test (version managed from 3.27.6)
[DEBUG]       org.awaitility:awaitility:jar:4.2.2:test (version managed from 4.2.2)
[DEBUG]       org.hamcrest:hamcrest:jar:3.0:test (version managed from 3.0)
[DEBUG]       org.junit.jupiter:junit-jupiter:jar:5.12.2:test (version managed from 5.12.2)
[DEBUG]          org.junit.jupiter:junit-jupiter-api:jar:5.12.2:test (version managed from 5.12.2)
[DEBUG]             org.opentest4j:opentest4j:jar:1.3.0:test
[DEBUG]             org.junit.platform:junit-platform-commons:jar:1.12.2:test (version managed from 1.12.2)
[DEBUG]             org.apiguardian:apiguardian-api:jar:1.1.2:test
[DEBUG]          org.junit.jupiter:junit-jupiter-params:jar:5.12.2:test (version managed from 5.12.2)
[DEBUG]          org.junit.jupiter:junit-jupiter-engine:jar:5.12.2:test (version managed from 5.12.2)
[DEBUG]             org.junit.platform:junit-platform-engine:jar:1.12.2:test (version managed from 1.12.2)
[DEBUG]       org.mockito:mockito-core:jar:5.17.0:test (version managed from 5.17.0)
[DEBUG]          net.bytebuddy:byte-buddy-agent:jar:1.17.8:test (version managed from 1.15.11)
[DEBUG]          org.objenesis:objenesis:jar:3.3:test
[DEBUG]       org.mockito:mockito-junit-jupiter:jar:5.17.0:test (version managed from 5.17.0)
[DEBUG]       org.skyscreamer:jsonassert:jar:1.5.3:test (version managed from 1.5.3)
[DEBUG]          com.vaadin.external.google:android-json:jar:0.0.20131108.vaadin1:test
[DEBUG]       org.springframework:spring-core:jar:6.2.12:compile (version managed from 6.2.12)
[DEBUG]          org.springframework:spring-jcl:jar:6.2.12:compile (version managed from 6.2.12)
[DEBUG]       org.springframework:spring-test:jar:6.2.12:test (version managed from 6.2.12)
[DEBUG]       org.xmlunit:xmlunit-core:jar:2.10.4:test (version managed from 2.10.4)
[INFO] 
[INFO] --- clean:3.4.1:clean (default-clean) @ fh ---
[DEBUG] Dependency collection stats {ConflictMarker.analyzeTime=213800, ConflictMarker.markTime=108400, ConflictMarker.nodeCount=2, ConflictIdSorter.graphTime=64100, ConflictIdSorter.topsortTime=18200, ConflictIdSorter.conflictIdCount=2, ConflictIdSorter.conflictIdCycleCount=0, ConflictResolver.totalTime=124400, ConflictResolver.conflictItemCount=2, DfDependencyCollector.collectTime=25125000, DfDependencyCollector.transformTime=554100}
[DEBUG] org.apache.maven.plugins:maven-clean-plugin:jar:3.4.1
[DEBUG]    org.codehaus.plexus:plexus-utils:jar:4.0.1:compile
[DEBUG] Created new class realm plugin>org.apache.maven.plugins:maven-clean-plugin:3.4.1
[DEBUG] Importing foreign packages into class realm plugin>org.apache.maven.plugins:maven-clean-plugin:3.4.1
[DEBUG]   Imported:  < maven.api
[DEBUG] Populating class realm plugin>org.apache.maven.plugins:maven-clean-plugin:3.4.1
[DEBUG]   Included: org.apache.maven.plugins:maven-clean-plugin:jar:3.4.1
[DEBUG]   Included: org.codehaus.plexus:plexus-utils:jar:4.0.1
[DEBUG] Loading mojo org.apache.maven.plugins:maven-clean-plugin:3.4.1:clean from plugin realm ClassRealm[plugin>org.apache.maven.plugins:maven-clean-plugin:3.4.1, parent: jdk.internal.loader.ClassLoaders$AppClassLoader@70dea4e]
[DEBUG] Configuring mojo execution 'org.apache.maven.plugins:maven-clean-plugin:3.4.1:clean:default-clean' with basic configurator -->
[DEBUG]   (f) directory = C:\Users\arjos\Downloads\fh\target
[DEBUG]   (f) excludeDefaultDirectories = false
[DEBUG]   (f) failOnError = true
[DEBUG]   (f) fast = false
[DEBUG]   (f) fastMode = background
[DEBUG]   (f) followSymLinks = false
[DEBUG]   (f) outputDirectory = C:\Users\arjos\Downloads\fh\target\classes
[DEBUG]   (f) reportDirectory = C:\Users\arjos\Downloads\fh\target\classes
[DEBUG]   (f) retryOnError = true
[DEBUG]   (f) session = org.apache.maven.execution.MavenSession@642f9a77
[DEBUG]   (f) skip = false
[DEBUG]   (f) testOutputDirectory = C:\Users\arjos\Downloads\fh\target\test-classes
[DEBUG] -- end configuration --
[INFO] Deleting C:\Users\arjos\Downloads\fh\target
[INFO] Deleting file C:\Users\arjos\Downloads\fh\target\classes\application.properties
[INFO] Deleting file C:\Users\arjos\Downloads\fh\target\classes\com\academic\fh\controller\cliente\ClienteCompraController.class
[INFO] Deleting directory C:\Users\arjos\Downloads\fh\target\classes\com\academic\fh\controller\cliente
[INFO] Deleting file C:\Users\arjos\Downloads\fh\target\classes\com\academic\fh\controller\UserController.class
[INFO] Deleting directory C:\Users\arjos\Downloads\fh\target\classes\com\academic\fh\controller
[INFO] Deleting file C:\Users\arjos\Downloads\fh\target\classes\com\academic\fh\model\Atributo.class
[INFO] Deleting file C:\Users\arjos\Downloads\fh\target\classes\com\academic\fh\model\AtributoValor.class
[INFO] Deleting file C:\Users\arjos\Downloads\fh\target\classes\com\academic\fh\model\Categoria.class
[INFO] Deleting file C:\Users\arjos\Downloads\fh\target\classes\com\academic\fh\model\Cliente.class
[INFO] Deleting file C:\Users\arjos\Downloads\fh\target\classes\com\academic\fh\model\Garantia.class
[INFO] Deleting file C:\Users\arjos\Downloads\fh\target\classes\com\academic\fh\model\Inventario.class
[INFO] Deleting file C:\Users\arjos\Downloads\fh\target\classes\com\academic\fh\model\MetodoPago.class
[INFO] Deleting file C:\Users\arjos\Downloads\fh\target\classes\com\academic\fh\model\MovimientoInventario.class
[INFO] Deleting file C:\Users\arjos\Downloads\fh\target\classes\com\academic\fh\model\Pago.class
[INFO] Deleting file C:\Users\arjos\Downloads\fh\target\classes\com\academic\fh\model\PQRS.class
[INFO] Deleting file C:\Users\arjos\Downloads\fh\target\classes\com\academic\fh\model\Producto.class
[INFO] Deleting file C:\Users\arjos\Downloads\fh\target\classes\com\academic\fh\model\ProductoAtributo.class
[INFO] Deleting file C:\Users\arjos\Downloads\fh\target\classes\com\academic\fh\model\ProductoCategoria.class
[INFO] Deleting file C:\Users\arjos\Downloads\fh\target\classes\com\academic\fh\model\ProductoGarantia.class
[INFO] Deleting file C:\Users\arjos\Downloads\fh\target\classes\com\academic\fh\model\ProductoVariante.class
[INFO] Deleting file C:\Users\arjos\Downloads\fh\target\classes\com\academic\fh\model\User.class
[INFO] Deleting file C:\Users\arjos\Downloads\fh\target\classes\com\academic\fh\model\VarianteAtributo.class
[INFO] Deleting file C:\Users\arjos\Downloads\fh\target\classes\com\academic\fh\model\Venta.class
[INFO] Deleting file C:\Users\arjos\Downloads\fh\target\classes\com\academic\fh\model\VentaDetalle.class
[INFO] Deleting directory C:\Users\arjos\Downloads\fh\target\classes\com\academic\fh\model
[INFO] Deleting file C:\Users\arjos\Downloads\fh\target\classes\com\academic\fh\repository\AtributoValorRepository.class
[INFO] Deleting file C:\Users\arjos\Downloads\fh\target\classes\com\academic\fh\repository\ProductoCategoriaRepository.class
[INFO] Deleting file C:\Users\arjos\Downloads\fh\target\classes\com\academic\fh\repository\UserRepository.class
[INFO] Deleting file C:\Users\arjos\Downloads\fh\target\classes\com\academic\fh\repository\VentaDetalleRepository.class
[INFO] Deleting directory C:\Users\arjos\Downloads\fh\target\classes\com\academic\fh\repository
[INFO] Deleting file C:\Users\arjos\Downloads\fh\target\classes\com\academic\fh\service\UserService.class
[INFO] Deleting directory C:\Users\arjos\Downloads\fh\target\classes\com\academic\fh\service
[INFO] Deleting directory C:\Users\arjos\Downloads\fh\target\classes\com\academic\fh
[INFO] Deleting directory C:\Users\arjos\Downloads\fh\target\classes\com\academic
[INFO] Deleting directory C:\Users\arjos\Downloads\fh\target\classes\com
[INFO] Deleting file C:\Users\arjos\Downloads\fh\target\classes\data-users.sql
[INFO] Deleting file C:\Users\arjos\Downloads\fh\target\classes\templates\admin\admin-dashboard.html
[INFO] Deleting file C:\Users\arjos\Downloads\fh\target\classes\templates\admin\categorias\create.html
[INFO] Deleting file C:\Users\arjos\Downloads\fh\target\classes\templates\admin\categorias\edit.html
[INFO] Deleting file C:\Users\arjos\Downloads\fh\target\classes\templates\admin\categorias\index.html
[INFO] Deleting file C:\Users\arjos\Downloads\fh\target\classes\templates\admin\categorias\show.html
[INFO] Deleting directory C:\Users\arjos\Downloads\fh\target\classes\templates\admin\categorias
[INFO] Deleting file C:\Users\arjos\Downloads\fh\target\classes\templates\admin\clientes\create.html
[INFO] Deleting file C:\Users\arjos\Downloads\fh\target\classes\templates\admin\clientes\edit.html
[INFO] Deleting file C:\Users\arjos\Downloads\fh\target\classes\templates\admin\clientes\index.html
[INFO] Deleting file C:\Users\arjos\Downloads\fh\target\classes\templates\admin\clientes\show.html
[INFO] Deleting directory C:\Users\arjos\Downloads\fh\target\classes\templates\admin\clientes
[INFO] Deleting file C:\Users\arjos\Downloads\fh\target\classes\templates\admin\dashboard.html
[INFO] Deleting file C:\Users\arjos\Downloads\fh\target\classes\templates\admin\inventario\edit.html
[INFO] Deleting file C:\Users\arjos\Downloads\fh\target\classes\templates\admin\inventario\index.html
[INFO] Deleting file C:\Users\arjos\Downloads\fh\target\classes\templates\admin\inventario\show.html
[INFO] Deleting directory C:\Users\arjos\Downloads\fh\target\classes\templates\admin\inventario
[INFO] Deleting file C:\Users\arjos\Downloads\fh\target\classes\templates\admin\movimientos\create.html
[INFO] Deleting file C:\Users\arjos\Downloads\fh\target\classes\templates\admin\movimientos\index.html
[INFO] Deleting file C:\Users\arjos\Downloads\fh\target\classes\templates\admin\movimientos\show.html
[INFO] Deleting directory C:\Users\arjos\Downloads\fh\target\classes\templates\admin\movimientos
[INFO] Deleting file C:\Users\arjos\Downloads\fh\target\classes\templates\admin\pqrs\index.html
[INFO] Deleting file C:\Users\arjos\Downloads\fh\target\classes\templates\admin\pqrs\show.html
[INFO] Deleting directory C:\Users\arjos\Downloads\fh\target\classes\templates\admin\pqrs
[INFO] Deleting file C:\Users\arjos\Downloads\fh\target\classes\templates\admin\productos\create.html
[INFO] Deleting file C:\Users\arjos\Downloads\fh\target\classes\templates\admin\productos\edit.html
[INFO] Deleting file C:\Users\arjos\Downloads\fh\target\classes\templates\admin\productos\index.html
[INFO] Deleting file C:\Users\arjos\Downloads\fh\target\classes\templates\admin\productos\show.html
[INFO] Deleting directory C:\Users\arjos\Downloads\fh\target\classes\templates\admin\productos
[INFO] Deleting file C:\Users\arjos\Downloads\fh\target\classes\templates\admin\usuarios\create.html
[INFO] Deleting file C:\Users\arjos\Downloads\fh\target\classes\templates\admin\usuarios\edit.html
[INFO] Deleting file C:\Users\arjos\Downloads\fh\target\classes\templates\admin\usuarios\index.html
[INFO] Deleting file C:\Users\arjos\Downloads\fh\target\classes\templates\admin\usuarios\show.html
[INFO] Deleting directory C:\Users\arjos\Downloads\fh\target\classes\templates\admin\usuarios
[INFO] Deleting file C:\Users\arjos\Downloads\fh\target\classes\templates\admin\ventas\create.html
[INFO] Deleting file C:\Users\arjos\Downloads\fh\target\classes\templates\admin\ventas\index.html
[INFO] Deleting file C:\Users\arjos\Downloads\fh\target\classes\templates\admin\ventas\show.html
[INFO] Deleting directory C:\Users\arjos\Downloads\fh\target\classes\templates\admin\ventas
[INFO] Deleting directory C:\Users\arjos\Downloads\fh\target\classes\templates\admin
[INFO] Deleting file C:\Users\arjos\Downloads\fh\target\classes\templates\cart.html
[INFO] Deleting file C:\Users\arjos\Downloads\fh\target\classes\templates\checkout.html
[INFO] Deleting file C:\Users\arjos\Downloads\fh\target\classes\templates\cliente\cambiar-password.html
[INFO] Deleting file C:\Users\arjos\Downloads\fh\target\classes\templates\cliente\dashboard.html
[INFO] Deleting file C:\Users\arjos\Downloads\fh\target\classes\templates\cliente\perfil-editar.html
[INFO] Deleting file C:\Users\arjos\Downloads\fh\target\classes\templates\cliente\perfil.html
[INFO] Deleting file C:\Users\arjos\Downloads\fh\target\classes\templates\cliente\purchase-detail.html
[INFO] Deleting directory C:\Users\arjos\Downloads\fh\target\classes\templates\cliente
[INFO] Deleting file C:\Users\arjos\Downloads\fh\target\classes\templates\fragments\footer.html
[INFO] Deleting file C:\Users\arjos\Downloads\fh\target\classes\templates\fragments\navbar-admin.html
[INFO] Deleting file C:\Users\arjos\Downloads\fh\target\classes\templates\fragments\navbar-cliente.html
[INFO] Deleting file C:\Users\arjos\Downloads\fh\target\classes\templates\fragments\navbar-public.html
[INFO] Deleting file C:\Users\arjos\Downloads\fh\target\classes\templates\fragments\product-card.html
[INFO] Deleting directory C:\Users\arjos\Downloads\fh\target\classes\templates\fragments
[INFO] Deleting file C:\Users\arjos\Downloads\fh\target\classes\templates\index.html
[INFO] Deleting file C:\Users\arjos\Downloads\fh\target\classes\templates\layouts\admin-layout.html
[INFO] Deleting file C:\Users\arjos\Downloads\fh\target\classes\templates\layouts\cliente-layout.html
[INFO] Deleting file C:\Users\arjos\Downloads\fh\target\classes\templates\layouts\fragments\admin-navbar.html
[INFO] Deleting file C:\Users\arjos\Downloads\fh\target\classes\templates\layouts\fragments\admin-sidebar.html
[INFO] Deleting directory C:\Users\arjos\Downloads\fh\target\classes\templates\layouts\fragments
[INFO] Deleting file C:\Users\arjos\Downloads\fh\target\classes\templates\layouts\public-layout.html
[INFO] Deleting directory C:\Users\arjos\Downloads\fh\target\classes\templates\layouts
[INFO] Deleting file C:\Users\arjos\Downloads\fh\target\classes\templates\login.html
[INFO] Deleting file C:\Users\arjos\Downloads\fh\target\classes\templates\product-detail.html
[INFO] Deleting file C:\Users\arjos\Downloads\fh\target\classes\templates\products.html
[INFO] Deleting file C:\Users\arjos\Downloads\fh\target\classes\templates\purchase-history.html
[INFO] Deleting directory C:\Users\arjos\Downloads\fh\target\classes\templates
[INFO] Deleting directory C:\Users\arjos\Downloads\fh\target\classes
[INFO] Deleting directory C:\Users\arjos\Downloads\fh\target\generated-sources\annotations
[INFO] Deleting directory C:\Users\arjos\Downloads\fh\target\generated-sources
[INFO] Deleting directory C:\Users\arjos\Downloads\fh\target\generated-test-sources\test-annotations
[INFO] Deleting directory C:\Users\arjos\Downloads\fh\target\generated-test-sources
[INFO] Deleting file C:\Users\arjos\Downloads\fh\target\maven-status\maven-compiler-plugin\compile\default-compile\createdFiles.lst
[INFO] Deleting file C:\Users\arjos\Downloads\fh\target\maven-status\maven-compiler-plugin\compile\default-compile\inputFiles.lst
[INFO] Deleting directory C:\Users\arjos\Downloads\fh\target\maven-status\maven-compiler-plugin\compile\default-compile
[INFO] Deleting directory C:\Users\arjos\Downloads\fh\target\maven-status\maven-compiler-plugin\compile
[INFO] Deleting directory C:\Users\arjos\Downloads\fh\target\maven-status\maven-compiler-plugin
[INFO] Deleting directory C:\Users\arjos\Downloads\fh\target\maven-status
[INFO] Deleting directory C:\Users\arjos\Downloads\fh\target
[DEBUG] Skipping non-existing directory C:\Users\arjos\Downloads\fh\target\classes
[DEBUG] Skipping non-existing directory C:\Users\arjos\Downloads\fh\target\test-classes
[DEBUG] Skipping non-existing directory C:\Users\arjos\Downloads\fh\target\classes
[INFO] 
[INFO] --- resources:3.3.1:resources (default-resources) @ fh ---
[DEBUG] Dependency collection stats {ConflictMarker.analyzeTime=71800, ConflictMarker.markTime=19800, ConflictMarker.nodeCount=13, ConflictIdSorter.graphTime=27800, ConflictIdSorter.topsortTime=12400, ConflictIdSorter.conflictIdCount=9, ConflictIdSorter.conflictIdCycleCount=0, ConflictResolver.totalTime=152400, ConflictResolver.conflictItemCount=13, DfDependencyCollector.collectTime=111633400, DfDependencyCollector.transformTime=304000}
[DEBUG] org.apache.maven.plugins:maven-resources-plugin:jar:3.3.1
[DEBUG]    org.codehaus.plexus:plexus-interpolation:jar:1.26:runtime
[DEBUG]    org.codehaus.plexus:plexus-utils:jar:3.5.1:compile
[DEBUG]    org.apache.maven.shared:maven-filtering:jar:3.3.1:compile
[DEBUG]       javax.inject:javax.inject:jar:1:compile
[DEBUG]       org.slf4j:slf4j-api:jar:1.7.36:compile
[DEBUG]       org.sonatype.plexus:plexus-build-api:jar:0.0.7:compile
[DEBUG]    commons-io:commons-io:jar:2.11.0:compile
[DEBUG]    org.apache.commons:commons-lang3:jar:3.12.0:compile
[DEBUG] Created new class realm plugin>org.apache.maven.plugins:maven-resources-plugin:3.3.1
[DEBUG] Importing foreign packages into class realm plugin>org.apache.maven.plugins:maven-resources-plugin:3.3.1
[DEBUG]   Imported:  < maven.api
[DEBUG] Populating class realm plugin>org.apache.maven.plugins:maven-resources-plugin:3.3.1
[DEBUG]   Included: org.apache.maven.plugins:maven-resources-plugin:jar:3.3.1
[DEBUG]   Included: org.codehaus.plexus:plexus-interpolation:jar:1.26
[DEBUG]   Included: org.codehaus.plexus:plexus-utils:jar:3.5.1
[DEBUG]   Included: org.apache.maven.shared:maven-filtering:jar:3.3.1
[DEBUG]   Included: org.sonatype.plexus:plexus-build-api:jar:0.0.7
[DEBUG]   Included: commons-io:commons-io:jar:2.11.0
[DEBUG]   Included: org.apache.commons:commons-lang3:jar:3.12.0
[DEBUG] Loading mojo org.apache.maven.plugins:maven-resources-plugin:3.3.1:resources from plugin realm ClassRealm[plugin>org.apache.maven.plugins:maven-resources-plugin:3.3.1, parent: jdk.internal.loader.ClassLoaders$AppClassLoader@70dea4e]
[DEBUG] Configuring mojo execution 'org.apache.maven.plugins:maven-resources-plugin:3.3.1:resources:default-resources' with basic configurator -->
[DEBUG]   (f) addDefaultExcludes = true
[DEBUG]   (f) buildFilters = []
[DEBUG]   (s) delimiters = [@]
[DEBUG]   (f) encoding = UTF-8
[DEBUG]   (f) escapeWindowsPaths = true
[DEBUG]   (f) fileNameFiltering = false
[DEBUG]   (s) includeEmptyDirs = false
[DEBUG]   (s) outputDirectory = C:\Users\arjos\Downloads\fh\target\classes
[DEBUG]   (s) overwrite = false
[DEBUG]   (f) project = MavenProject: com.academic:fh:0.0.1-SNAPSHOT @ C:\Users\arjos\Downloads\fh\pom.xml
[DEBUG]   (f) propertiesEncoding = UTF-8
[DEBUG]   (s) resources = [Resource {targetPath: null, filtering: true, FileSet {directory: C:\Users\arjos\Downloads\fh\src\main\resources, PatternSet [includes: {**/application*.yml, **/application*.yaml, **/application*.properties}, excludes: {}]}}, Resource {targetPath: null, filtering: false, FileSet {directory: C:\Users\arjos\Downloads\fh\src\main\resources, PatternSet [includes: {}, excludes: {**/application*.yml, **/application*.yaml, **/application*.properties}]}}]
[DEBUG]   (f) session = org.apache.maven.execution.MavenSession@642f9a77
[DEBUG]   (f) skip = false
[DEBUG]   (f) supportMultiLineFiltering = false
[DEBUG]   (f) useBuildFilters = true
[DEBUG]   (s) useDefaultDelimiters = false
[DEBUG] -- end configuration --
[DEBUG] properties used:
[DEBUG] activemq.version: 6.1.8
[DEBUG] angus-mail.version: 2.0.5
[DEBUG] artemis.version: 2.40.0
[DEBUG] aspectj.version: 1.9.24
[DEBUG] assertj.version: 3.27.6
[DEBUG] awaitility.version: 4.2.2
[DEBUG] brave.version: 6.1.0
[DEBUG] build-helper-maven-plugin.version: 3.6.1
[DEBUG] byte-buddy.version: 1.17.8
[DEBUG] cache2k.version: 2.6.1.Final
[DEBUG] caffeine.version: 3.2.2
[DEBUG] cassandra-driver.version: 4.19.1
[DEBUG] classmate.version: 1.7.1
[DEBUG] classworlds.conf: C:\Users\arjos\.m2\wrapper\dists\apache-maven-3.9.11\03d7e36a140982eea48e22c1dcac01d8862b2550b2939e09a0809bbc5182a5bc\bin\m2.conf
[DEBUG] commons-codec.version: 1.18.0
[DEBUG] commons-dbcp2.version: 2.13.0
[DEBUG] commons-lang3.version: 3.17.0
[DEBUG] commons-pool.version: 1.6
[DEBUG] commons-pool2.version: 2.12.1
[DEBUG] couchbase-client.version: 3.8.3
[DEBUG] crac.version: 1.5.0
[DEBUG] cyclonedx-maven-plugin.version: 2.9.1
[DEBUG] db2-jdbc.version: 12.1.2.0
[DEBUG] dependency-management-plugin.version: 1.1.7
[DEBUG] derby.version: 10.16.1.1
[DEBUG] ehcache3.version: 3.10.9
[DEBUG] elasticsearch-client.version: 8.18.8
[DEBUG] env.=C:: C:\Users\arjos\Downloads\fh
[DEBUG] env.=EXITCODE: 00000000
[DEBUG] env.ALLUSERSPROFILE: C:\ProgramData
[DEBUG] env.ANTIGRAVITY_AGENT: 1
[DEBUG] env.ANTIGRAVITY_CLI_ALIAS: agy
[DEBUG] env.APPDATA: C:\Users\arjos\AppData\Roaming
[DEBUG] env.CHROME_CRASHPAD_PIPE_NAME: \\.\pipe\crashpad_12848_DBNSYCOPDKSWIADR
[DEBUG] env.CLASSWORLDS_JAR: "C:\Users\arjos\.m2\wrapper\dists\apache-maven-3.9.11\03d7e36a140982eea48e22c1dcac01d8862b2550b2939e09a0809bbc5182a5bc\boot\plexus-classworlds-2.9.0.jar"
[DEBUG] env.CLASSWORLDS_LAUNCHER: org.codehaus.plexus.classworlds.launcher.Launcher
[DEBUG] env.COLORTERM: truecolor
[DEBUG] env.COMMONPROGRAMFILES: C:\Program Files\Common Files
[DEBUG] env.COMMONPROGRAMFILES(X86): C:\Program Files (x86)\Common Files
[DEBUG] env.COMMONPROGRAMW6432: C:\Program Files\Common Files
[DEBUG] env.COMPUTERNAME: JOSE
[DEBUG] env.COMSPEC: C:\WINDOWS\system32\cmd.exe
[DEBUG] env.DRIVERDATA: C:\Windows\System32\Drivers\DriverData
[DEBUG] env.EFC_9968_1262719628: 1
[DEBUG] env.EFC_9968_1592913036: 1
[DEBUG] env.EFC_9968_2283032206: 1
[DEBUG] env.EFC_9968_2775293581: 1
[DEBUG] env.EFC_9968_3789132940: 1
[DEBUG] env.ERROR_CODE: 0
[DEBUG] env.EXEC_DIR: C:\Users\arjos\Downloads\fh
[DEBUG] env.GIT_ASKPASS: c:\Users\arjos\AppData\Local\Programs\Antigravity\resources\app\extensions\git\dist\askpass.sh
[DEBUG] env.HOMEDRIVE: C:
[DEBUG] env.HOMEPATH: \Users\arjos
[DEBUG] env.JAVACMD: C:\Program Files\Common Files\Oracle\Java\javapath\java.exe
[DEBUG] env.JVMCONFIG: \.mvn\jvm.config
[DEBUG] env.LANG: es_ES.UTF-8
[DEBUG] env.LOCALAPPDATA: C:\Users\arjos\AppData\Local
[DEBUG] env.LOGONSERVER: \\JOSE
[DEBUG] env.MAVEN_CMD_LINE_ARGS: clean compile -X
[DEBUG] env.MAVEN_HOME: C:\Users\arjos\.m2\wrapper\dists\apache-maven-3.9.11\03d7e36a140982eea48e22c1dcac01d8862b2550b2939e09a0809bbc5182a5bc
[DEBUG] env.MAVEN_OPTS: --enable-native-access=ALL-UNNAMED 
[DEBUG] env.MAVEN_PROJECTBASEDIR: C:\Users\arjos\Downloads\fh
[DEBUG] env.NUMBER_OF_PROCESSORS: 8
[DEBUG] env.ONEDRIVE: C:\Users\arjos\OneDrive
[DEBUG] env.ONEDRIVECONSUMER: C:\Users\arjos\OneDrive
[DEBUG] env.ORIGINAL_XDG_CURRENT_DESKTOP: undefined
[DEBUG] env.OS: Windows_NT
[DEBUG] env.PAGER: cat
[DEBUG] env.PATH: C:\Program Files\Common Files\Oracle\Java\javapath;C:\Program Files\nodejs\;C:\flutter\bin;C:\WINDOWS\system32;C:\WINDOWS;C:\WINDOWS\System32\Wbem;C:\WINDOWS\System32\WindowsPowerShell\v1.0\;C:\WINDOWS\System32\OpenSSH\;C:\Program Files\dotnet\;C:\xampp\php;C:\ProgramData\ComposerSetup\bin;C:\Program Files\Git\cmd;C:\Program Files\nodejs\;C:\flutter\bin;C:\Windows\system32;C:\Windows;C:\Windows\System32\Wbem;C:\Windows\System32\WindowsPowerShell\v1.0\;C:\Windows\System32\OpenSSH\;C:\Program Files\dotnet\;C:\xampp\php;C:\ProgramData\ComposerSetup\bin;C:\Program Files\Git\cmd;C:\Users\arjos\AppData\Local\Programs\Python\Python313\Scripts\;C:\Users\arjos\AppData\Local\Programs\Python\Python313\;C:\Users\arjos\AppData\Local\Microsoft\WindowsApps;C:\Users\arjos\AppData\Local\Programs\Microsoft VS Code\bin;C:\Users\arjos\AppData\Roaming\Composer\vendor\bin;C:\ruta\a\flutter\bin;C:\Users\arjos\.dotnet\tools;C:\Users\arjos\AppData\Roaming\npm;;C:\Users\arjos\AppData\Local\Microsoft\WindowsApps;C:\Users\arjos\AppData\Local\Programs\Antigravity\bin
[DEBUG] env.PATHEXT: .COM;.EXE;.BAT;.CMD;.VBS;.VBE;.JS;.JSE;.WSF;.WSH;.MSC;.CPL
[DEBUG] env.PROCESSOR_ARCHITECTURE: AMD64
[DEBUG] env.PROCESSOR_IDENTIFIER: AMD64 Family 23 Model 160 Stepping 0, AuthenticAMD
[DEBUG] env.PROCESSOR_LEVEL: 23
[DEBUG] env.PROCESSOR_REVISION: a000
[DEBUG] env.PROGRAMDATA: C:\ProgramData
[DEBUG] env.PROGRAMFILES: C:\Program Files
[DEBUG] env.PROGRAMFILES(X86): C:\Program Files (x86)
[DEBUG] env.PROGRAMW6432: C:\Program Files
[DEBUG] env.PROMPT: $P$G
[DEBUG] env.PSMODULEPATH: C:\Users\arjos\OneDrive\Documentos\WindowsPowerShell\Modules;C:\Program Files\WindowsPowerShell\Modules;C:\WINDOWS\system32\WindowsPowerShell\v1.0\Modules
[DEBUG] env.PUBLIC: C:\Users\Public
[DEBUG] env.SESSIONNAME: Console
[DEBUG] env.SYSTEMDRIVE: C:
[DEBUG] env.SYSTEMROOT: C:\WINDOWS
[DEBUG] env.TEMP: C:\Users\arjos\AppData\Local\Temp
[DEBUG] env.TERM_PROGRAM: vscode
[DEBUG] env.TERM_PROGRAM_VERSION: 1.104.0
[DEBUG] env.TMP: C:\Users\arjos\AppData\Local\Temp
[DEBUG] env.USERDOMAIN: JOSE
[DEBUG] env.USERDOMAIN_ROAMINGPROFILE: JOSE
[DEBUG] env.USERNAME: arjos
[DEBUG] env.USERPROFILE: C:\Users\arjos
[DEBUG] env.VBOX_HWVIRTEX_IGNORE_SVM_IN_USE: 1
[DEBUG] env.VSCODE_GIT_ASKPASS_EXTRA_ARGS: 
[DEBUG] env.VSCODE_GIT_ASKPASS_MAIN: c:\Users\arjos\AppData\Local\Programs\Antigravity\resources\app\extensions\git\dist\askpass-main.js
[DEBUG] env.VSCODE_GIT_ASKPASS_NODE: C:\Users\arjos\AppData\Local\Programs\Antigravity\Antigravity.exe
[DEBUG] env.VSCODE_GIT_IPC_HANDLE: \\.\pipe\vscode-git-e8fbae3c12-sock
[DEBUG] env.VSCODE_INJECTION: 1
[DEBUG] env.VSCODE_JDWP_ADAPTER_ENDPOINTS: c:\Users\arjos\.antigravity\extensions\vscjava.vscode-java-debug-0.58.3-universal\.noConfigDebugAdapterEndpoints\endpoint-06424c3e5c43c01a.txt
[DEBUG] env.VSCODE_PYTHON_AUTOACTIVATE_GUARD: 1
[DEBUG] env.WDIR: C:\Users\arjos\Downloads\fh
[DEBUG] env.WINDIR: C:\WINDOWS
[DEBUG] env.__MVNW_CMD__: C:\Users\arjos/.m2/wrapper/dists/apache-maven-3.9.11/03d7e36a140982eea48e22c1dcac01d8862b2550b2939e09a0809bbc5182a5bc/bin/mvn.cmd
[DEBUG] file.encoding: UTF-8
[DEBUG] file.separator: \
[DEBUG] flyway.version: 11.7.2
[DEBUG] freemarker.version: 2.3.34
[DEBUG] git-commit-id-maven-plugin.version: 9.0.2
[DEBUG] glassfish-jaxb.version: 4.0.6
[DEBUG] glassfish-jstl.version: 3.0.1
[DEBUG] graphql-java.version: 24.3
[DEBUG] groovy.version: 4.0.29
[DEBUG] gson.version: 2.13.2
[DEBUG] h2.version: 2.3.232
[DEBUG] hamcrest.version: 3.0
[DEBUG] hazelcast.version: 5.5.0
[DEBUG] hibernate-validator.version: 8.0.3.Final
[DEBUG] hibernate.version: 6.6.33.Final
[DEBUG] hikaricp.version: 6.3.3
[DEBUG] hsqldb.version: 2.7.3
[DEBUG] htmlunit.version: 4.11.1
[DEBUG] httpasyncclient.version: 4.1.5
[DEBUG] httpclient5.version: 5.5.1
[DEBUG] httpcore.version: 4.4.16
[DEBUG] httpcore5.version: 5.3.6
[DEBUG] infinispan.version: 15.2.6.Final
[DEBUG] influxdb-java.version: 2.25
[DEBUG] jackson-bom.version: 2.19.2
[DEBUG] jakarta-activation.version: 2.1.4
[DEBUG] jakarta-annotation.version: 2.1.1
[DEBUG] jakarta-inject.version: 2.0.1
[DEBUG] jakarta-jms.version: 3.1.0
[DEBUG] jakarta-json-bind.version: 3.0.1
[DEBUG] jakarta-json.version: 2.1.3
[DEBUG] jakarta-mail.version: 2.1.5
[DEBUG] jakarta-management.version: 1.1.4
[DEBUG] jakarta-persistence.version: 3.1.0
[DEBUG] jakarta-servlet-jsp-jstl.version: 3.0.2
[DEBUG] jakarta-servlet.version: 6.0.0
[DEBUG] jakarta-transaction.version: 2.0.1
[DEBUG] jakarta-validation.version: 3.0.2
[DEBUG] jakarta-websocket.version: 2.1.1
[DEBUG] jakarta-ws-rs.version: 3.1.0
[DEBUG] jakarta-xml-bind.version: 4.0.4
[DEBUG] jakarta-xml-soap.version: 3.0.2
[DEBUG] jakarta-xml-ws.version: 4.0.2
[DEBUG] janino.version: 3.1.12
[DEBUG] java.class.path: C:\Users\arjos\.m2\wrapper\dists\apache-maven-3.9.11\03d7e36a140982eea48e22c1dcac01d8862b2550b2939e09a0809bbc5182a5bc\boot\plexus-classworlds-2.9.0.jar
[DEBUG] java.class.version: 65.0
[DEBUG] java.home: C:\Program Files\Java\jdk-21
[DEBUG] java.io.tmpdir: C:\Users\arjos\AppData\Local\Temp\
[DEBUG] java.library.path: C:\Program Files\Java\jdk-21\bin;C:\WINDOWS\Sun\Java\bin;C:\WINDOWS\system32;C:\WINDOWS;C:\Program Files\Common Files\Oracle\Java\javapath;C:\Program Files\nodejs\;C:\flutter\bin;C:\WINDOWS\system32;C:\WINDOWS;C:\WINDOWS\System32\Wbem;C:\WINDOWS\System32\WindowsPowerShell\v1.0\;C:\WINDOWS\System32\OpenSSH\;C:\Program Files\dotnet\;C:\xampp\php;C:\ProgramData\ComposerSetup\bin;C:\Program Files\Git\cmd;C:\Program Files\nodejs\;C:\flutter\bin;C:\Windows\system32;C:\Windows;C:\Windows\System32\Wbem;C:\Windows\System32\WindowsPowerShell\v1.0\;C:\Windows\System32\OpenSSH\;C:\Program Files\dotnet\;C:\xampp\php;C:\ProgramData\ComposerSetup\bin;C:\Program Files\Git\cmd;C:\Users\arjos\AppData\Local\Programs\Python\Python313\Scripts\;C:\Users\arjos\AppData\Local\Programs\Python\Python313\;C:\Users\arjos\AppData\Local\Microsoft\WindowsApps;C:\Users\arjos\AppData\Local\Programs\Microsoft VS Code\bin;C:\Users\arjos\AppData\Roaming\Composer\vendor\bin;C:\ruta\a\flutter\bin;C:\Users\arjos\.dotnet\tools;C:\Users\arjos\AppData\Roaming\npm;;C:\Users\arjos\AppData\Local\Microsoft\WindowsApps;C:\Users\arjos\AppData\Local\Programs\Antigravity\bin;.
[DEBUG] java.runtime.name: Java(TM) SE Runtime Environment
[DEBUG] java.runtime.version: 21.0.8+12-LTS-250
[DEBUG] java.specification.name: Java Platform API Specification
[DEBUG] java.specification.vendor: Oracle Corporation
[DEBUG] java.specification.version: 21
[DEBUG] java.vendor: Oracle Corporation
[DEBUG] java.vendor.url: https://java.oracle.com/
[DEBUG] java.vendor.url.bug: https://bugreport.java.com/bugreport/
[DEBUG] java.version: 21.0.8
[DEBUG] java.version.date: 2025-07-15
[DEBUG] java.vm.compressedOopsMode: Zero based
[DEBUG] java.vm.info: mixed mode, sharing
[DEBUG] java.vm.name: Java HotSpot(TM) 64-Bit Server VM
[DEBUG] java.vm.specification.name: Java Virtual Machine Specification
[DEBUG] java.vm.specification.vendor: Oracle Corporation
[DEBUG] java.vm.specification.version: 21
[DEBUG] java.vm.vendor: Oracle Corporation
[DEBUG] java.vm.version: 21.0.8+12-LTS-250
[DEBUG] javax-cache.version: 1.1.1
[DEBUG] javax-money.version: 1.1
[DEBUG] jaxen.version: 2.0.0
[DEBUG] jaybird.version: 6.0.3
[DEBUG] jboss-logging.version: 3.6.1.Final
[DEBUG] jdk.debug: release
[DEBUG] jdom2.version: 2.0.6.1
[DEBUG] jedis.version: 6.0.0
[DEBUG] jersey.version: 3.1.11
[DEBUG] jetty-reactive-httpclient.version: 4.0.12
[DEBUG] jetty.version: 12.0.29
[DEBUG] jmustache.version: 1.16
[DEBUG] jooq.version: 3.19.27
[DEBUG] json-path.version: 2.9.0
[DEBUG] json-smart.version: 2.5.2
[DEBUG] jsonassert.version: 1.5.3
[DEBUG] jtds.version: 1.3.1
[DEBUG] junit-jupiter.version: 5.12.2
[DEBUG] junit.version: 4.13.2
[DEBUG] kafka.version: 3.9.1
[DEBUG] kotlin-coroutines.version: 1.8.1
[DEBUG] kotlin-serialization.version: 1.6.3
[DEBUG] kotlin.version: 1.9.25
[DEBUG] lettuce.version: 6.6.0.RELEASE
[DEBUG] library.jansi.path: C:\Users\arjos\.m2\wrapper\dists\apache-maven-3.9.11\03d7e36a140982eea48e22c1dcac01d8862b2550b2939e09a0809bbc5182a5bc\lib\jansi-native
[DEBUG] line.separator: 

[DEBUG] liquibase.version: 4.31.1
[DEBUG] log4j2.version: 2.24.3
[DEBUG] logback.version: 1.5.20
[DEBUG] lombok.version: 1.18.42
[DEBUG] mariadb.version: 3.5.6
[DEBUG] maven-antrun-plugin.version: 3.1.0
[DEBUG] maven-assembly-plugin.version: 3.7.1
[DEBUG] maven-clean-plugin.version: 3.4.1
[DEBUG] maven-compiler-plugin.version: 3.14.1
[DEBUG] maven-dependency-plugin.version: 3.8.1
[DEBUG] maven-deploy-plugin.version: 3.1.4
[DEBUG] maven-enforcer-plugin.version: 3.5.0
[DEBUG] maven-failsafe-plugin.version: 3.5.4
[DEBUG] maven-help-plugin.version: 3.5.1
[DEBUG] maven-install-plugin.version: 3.1.4
[DEBUG] maven-invoker-plugin.version: 3.9.1
[DEBUG] maven-jar-plugin.version: 3.4.2
[DEBUG] maven-javadoc-plugin.version: 3.11.3
[DEBUG] maven-resources-plugin.version: 3.3.1
[DEBUG] maven-shade-plugin.version: 3.6.1
[DEBUG] maven-source-plugin.version: 3.3.1
[DEBUG] maven-surefire-plugin.version: 3.5.4
[DEBUG] maven-war-plugin.version: 3.4.0
[DEBUG] maven.build.timestamp: 2025-11-29T15:03:12Z
[DEBUG] maven.build.version: Apache Maven 3.9.11 (3e54c93a704957b63ee3494413a2b544fd3d825b)
[DEBUG] maven.compiler.release: 17
[DEBUG] maven.conf: C:\Users\arjos\.m2\wrapper\dists\apache-maven-3.9.11\03d7e36a140982eea48e22c1dcac01d8862b2550b2939e09a0809bbc5182a5bc/conf
[DEBUG] maven.home: C:\Users\arjos\.m2\wrapper\dists\apache-maven-3.9.11\03d7e36a140982eea48e22c1dcac01d8862b2550b2939e09a0809bbc5182a5bc
[DEBUG] maven.multiModuleProjectDirectory: C:\Users\arjos\Downloads\fh
[DEBUG] maven.version: 3.9.11
[DEBUG] micrometer-tracing.version: 1.5.5
[DEBUG] micrometer.version: 1.15.5
[DEBUG] mockito.version: 5.17.0
[DEBUG] mongodb.version: 5.5.2
[DEBUG] mssql-jdbc.version: 12.10.2.jre11
[DEBUG] mysql.version: 9.4.0
[DEBUG] native-build-tools-plugin.version: 0.10.6
[DEBUG] native.encoding: Cp1252
[DEBUG] nekohtml.version: 1.9.22
[DEBUG] neo4j-java-driver.version: 5.28.9
[DEBUG] netty.version: 4.1.128.Final
[DEBUG] opentelemetry.version: 1.49.0
[DEBUG] oracle-database.version: 23.7.0.25.01
[DEBUG] oracle-r2dbc.version: 1.3.0
[DEBUG] os.arch: amd64
[DEBUG] os.name: Windows 11
[DEBUG] os.version: 10.0
[DEBUG] path.separator: ;
[DEBUG] pooled-jms.version: 3.1.7
[DEBUG] postgresql.version: 42.7.8
[DEBUG] project.baseUri: file:/C:/Users/arjos/Downloads/fh/
[DEBUG] project.build.sourceEncoding: UTF-8
[DEBUG] project.reporting.outputEncoding: UTF-8
[DEBUG] prometheus-client.version: 1.3.10
[DEBUG] prometheus-simpleclient.version: 0.16.0
[DEBUG] pulsar-reactive.version: 0.6.0
[DEBUG] pulsar.version: 4.0.7
[DEBUG] quartz.version: 2.5.0
[DEBUG] querydsl.version: 5.1.0
[DEBUG] r2dbc-h2.version: 1.0.1.RELEASE
[DEBUG] r2dbc-mariadb.version: 1.3.0
[DEBUG] r2dbc-mssql.version: 1.0.3.RELEASE
[DEBUG] r2dbc-mysql.version: 1.4.1
[DEBUG] r2dbc-pool.version: 1.0.2.RELEASE
[DEBUG] r2dbc-postgresql.version: 1.0.8.RELEASE
[DEBUG] r2dbc-proxy.version: 1.1.6.RELEASE
[DEBUG] r2dbc-spi.version: 1.0.0.RELEASE
[DEBUG] rabbit-amqp-client.version: 5.25.0
[DEBUG] rabbit-stream-client.version: 0.23.0
[DEBUG] reactive-streams.version: 1.0.4
[DEBUG] reactor-bom.version: 2024.0.11
[DEBUG] resource.delimiter: @
[DEBUG] rest-assured.version: 5.5.6
[DEBUG] rsocket.version: 1.1.5
[DEBUG] rxjava3.version: 3.1.12
[DEBUG] saaj-impl.version: 3.0.4
[DEBUG] selenium-htmlunit.version: 4.30.0
[DEBUG] selenium.version: 4.31.0
[DEBUG] sendgrid.version: 4.10.3
[DEBUG] slf4j.version: 2.0.17
[DEBUG] snakeyaml.version: 2.4
[DEBUG] spring-amqp.version: 3.2.8
[DEBUG] spring-authorization-server.version: 1.5.3
[DEBUG] spring-batch.version: 5.2.4
[DEBUG] spring-boot.run.main-class: ${start-class}
[DEBUG] spring-data-bom.version: 2025.0.5
[DEBUG] spring-framework.version: 6.2.12
[DEBUG] spring-graphql.version: 1.4.3
[DEBUG] spring-hateoas.version: 2.5.1
[DEBUG] spring-integration.version: 6.5.3
[DEBUG] spring-kafka.version: 3.3.10
[DEBUG] spring-ldap.version: 3.3.4
[DEBUG] spring-pulsar.version: 1.2.11
[DEBUG] spring-restdocs.version: 3.0.5
[DEBUG] spring-retry.version: 2.0.12
[DEBUG] spring-security.version: 6.5.6
[DEBUG] spring-session.version: 3.5.3
[DEBUG] spring-ws.version: 4.1.2
[DEBUG] sqlite-jdbc.version: 3.49.1.0
[DEBUG] stderr.encoding: Cp1252
[DEBUG] stdout.encoding: Cp1252
[DEBUG] sun.arch.data.model: 64
[DEBUG] sun.boot.library.path: C:\Program Files\Java\jdk-21\bin
[DEBUG] sun.cpu.endian: little
[DEBUG] sun.cpu.isalist: amd64
[DEBUG] sun.io.unicode.encoding: UnicodeLittle
[DEBUG] sun.java.command: org.codehaus.plexus.classworlds.launcher.Launcher clean compile -X
[DEBUG] sun.java.launcher: SUN_STANDARD
[DEBUG] sun.jnu.encoding: Cp1252
[DEBUG] sun.management.compiler: HotSpot 64-Bit Tiered Compilers
[DEBUG] sun.os.patch.level: 
[DEBUG] testcontainers-redis-module.version: 2.2.4
[DEBUG] testcontainers.version: 1.21.3
[DEBUG] thymeleaf-extras-data-attribute.version: 2.0.1
[DEBUG] thymeleaf-extras-springsecurity.version: 3.1.3.RELEASE
[DEBUG] thymeleaf-layout-dialect.version: 3.4.0
[DEBUG] thymeleaf.version: 3.1.3.RELEASE
[DEBUG] tomcat.version: 10.1.48
[DEBUG] unboundid-ldapsdk.version: 7.0.3
[DEBUG] undertow.version: 2.3.20.Final
[DEBUG] user.country: CO
[DEBUG] user.dir: C:\Users\arjos\Downloads\fh
[DEBUG] user.home: C:\Users\arjos
[DEBUG] user.language: es
[DEBUG] user.name: arjos
[DEBUG] user.script: 
[DEBUG] user.variant: 
[DEBUG] versions-maven-plugin.version: 2.18.0
[DEBUG] vibur.version: 26.0
[DEBUG] webjars-locator-core.version: 0.59
[DEBUG] webjars-locator-lite.version: 1.1.2
[DEBUG] wsdl4j.version: 1.6.3
[DEBUG] xml-maven-plugin.version: 1.1.0
[DEBUG] xmlunit2.version: 2.10.4
[DEBUG] yasson.version: 3.0.4
[DEBUG] zipkin-reporter.version: 3.5.1
[DEBUG] Using 'UTF-8' encoding to copy filtered resources.
[DEBUG] Using 'UTF-8' encoding to copy filtered properties files.
[DEBUG] resource with targetPath null
directory C:\Users\arjos\Downloads\fh\src\main\resources
excludes []
includes [**/application*.yml, **/application*.yaml, **/application*.properties]
[DEBUG] ignoreDelta true
[INFO] Copying 1 resource from src\main\resources to target\classes
[DEBUG] Copying file application.properties
[DEBUG] file application.properties has a filtered file extension
[DEBUG] Using 'UTF-8' encoding to copy filtered resource 'application.properties'.
[DEBUG] filtering C:\Users\arjos\Downloads\fh\src\main\resources\application.properties to C:\Users\arjos\Downloads\fh\target\classes\application.properties
[DEBUG] resource with targetPath null
directory C:\Users\arjos\Downloads\fh\src\main\resources
excludes [**/application*.yml, **/application*.yaml, **/application*.properties]
includes []
[DEBUG] ignoreDelta true
[INFO] Copying 52 resources from src\main\resources to target\classes
[DEBUG] Copying file data-users.sql
[DEBUG] file data-users.sql has a filtered file extension
[DEBUG] Using 'UTF-8' encoding to copy filtered resource 'data-users.sql'.
[DEBUG] copy C:\Users\arjos\Downloads\fh\src\main\resources\data-users.sql to C:\Users\arjos\Downloads\fh\target\classes\data-users.sql
[DEBUG] Copying file templates\admin\admin-dashboard.html
[DEBUG] file admin-dashboard.html has a filtered file extension
[DEBUG] Using 'UTF-8' encoding to copy filtered resource 'admin-dashboard.html'.
[DEBUG] copy C:\Users\arjos\Downloads\fh\src\main\resources\templates\admin\admin-dashboard.html to C:\Users\arjos\Downloads\fh\target\classes\templates\admin\admin-dashboard.html
[DEBUG] Copying file templates\admin\categorias\create.html
[DEBUG] file create.html has a filtered file extension
[DEBUG] Using 'UTF-8' encoding to copy filtered resource 'create.html'.
[DEBUG] copy C:\Users\arjos\Downloads\fh\src\main\resources\templates\admin\categorias\create.html to C:\Users\arjos\Downloads\fh\target\classes\templates\admin\categorias\create.html
[DEBUG] Copying file templates\admin\categorias\edit.html
[DEBUG] file edit.html has a filtered file extension
[DEBUG] Using 'UTF-8' encoding to copy filtered resource 'edit.html'.
[DEBUG] copy C:\Users\arjos\Downloads\fh\src\main\resources\templates\admin\categorias\edit.html to C:\Users\arjos\Downloads\fh\target\classes\templates\admin\categorias\edit.html
[DEBUG] Copying file templates\admin\categorias\index.html
[DEBUG] file index.html has a filtered file extension
[DEBUG] Using 'UTF-8' encoding to copy filtered resource 'index.html'.
[DEBUG] copy C:\Users\arjos\Downloads\fh\src\main\resources\templates\admin\categorias\index.html to C:\Users\arjos\Downloads\fh\target\classes\templates\admin\categorias\index.html
[DEBUG] Copying file templates\admin\categorias\show.html
[DEBUG] file show.html has a filtered file extension
[DEBUG] Using 'UTF-8' encoding to copy filtered resource 'show.html'.
[DEBUG] copy C:\Users\arjos\Downloads\fh\src\main\resources\templates\admin\categorias\show.html to C:\Users\arjos\Downloads\fh\target\classes\templates\admin\categorias\show.html
[DEBUG] Copying file templates\admin\clientes\create.html
[DEBUG] file create.html has a filtered file extension
[DEBUG] Using 'UTF-8' encoding to copy filtered resource 'create.html'.
[DEBUG] copy C:\Users\arjos\Downloads\fh\src\main\resources\templates\admin\clientes\create.html to C:\Users\arjos\Downloads\fh\target\classes\templates\admin\clientes\create.html
[DEBUG] Copying file templates\admin\clientes\edit.html
[DEBUG] file edit.html has a filtered file extension
[DEBUG] Using 'UTF-8' encoding to copy filtered resource 'edit.html'.
[DEBUG] copy C:\Users\arjos\Downloads\fh\src\main\resources\templates\admin\clientes\edit.html to C:\Users\arjos\Downloads\fh\target\classes\templates\admin\clientes\edit.html
[DEBUG] Copying file templates\admin\clientes\index.html
[DEBUG] file index.html has a filtered file extension
[DEBUG] Using 'UTF-8' encoding to copy filtered resource 'index.html'.
[DEBUG] copy C:\Users\arjos\Downloads\fh\src\main\resources\templates\admin\clientes\index.html to C:\Users\arjos\Downloads\fh\target\classes\templates\admin\clientes\index.html
[DEBUG] Copying file templates\admin\clientes\show.html
[DEBUG] file show.html has a filtered file extension
[DEBUG] Using 'UTF-8' encoding to copy filtered resource 'show.html'.
[DEBUG] copy C:\Users\arjos\Downloads\fh\src\main\resources\templates\admin\clientes\show.html to C:\Users\arjos\Downloads\fh\target\classes\templates\admin\clientes\show.html
[DEBUG] Copying file templates\admin\dashboard.html
[DEBUG] file dashboard.html has a filtered file extension
[DEBUG] Using 'UTF-8' encoding to copy filtered resource 'dashboard.html'.
[DEBUG] copy C:\Users\arjos\Downloads\fh\src\main\resources\templates\admin\dashboard.html to C:\Users\arjos\Downloads\fh\target\classes\templates\admin\dashboard.html
[DEBUG] Copying file templates\admin\inventario\edit.html
[DEBUG] file edit.html has a filtered file extension
[DEBUG] Using 'UTF-8' encoding to copy filtered resource 'edit.html'.
[DEBUG] copy C:\Users\arjos\Downloads\fh\src\main\resources\templates\admin\inventario\edit.html to C:\Users\arjos\Downloads\fh\target\classes\templates\admin\inventario\edit.html
[DEBUG] Copying file templates\admin\inventario\index.html
[DEBUG] file index.html has a filtered file extension
[DEBUG] Using 'UTF-8' encoding to copy filtered resource 'index.html'.
[DEBUG] copy C:\Users\arjos\Downloads\fh\src\main\resources\templates\admin\inventario\index.html to C:\Users\arjos\Downloads\fh\target\classes\templates\admin\inventario\index.html
[DEBUG] Copying file templates\admin\inventario\show.html
[DEBUG] file show.html has a filtered file extension
[DEBUG] Using 'UTF-8' encoding to copy filtered resource 'show.html'.
[DEBUG] copy C:\Users\arjos\Downloads\fh\src\main\resources\templates\admin\inventario\show.html to C:\Users\arjos\Downloads\fh\target\classes\templates\admin\inventario\show.html
[DEBUG] Copying file templates\admin\movimientos\create.html
[DEBUG] file create.html has a filtered file extension
[DEBUG] Using 'UTF-8' encoding to copy filtered resource 'create.html'.
[DEBUG] copy C:\Users\arjos\Downloads\fh\src\main\resources\templates\admin\movimientos\create.html to C:\Users\arjos\Downloads\fh\target\classes\templates\admin\movimientos\create.html
[DEBUG] Copying file templates\admin\movimientos\index.html
[DEBUG] file index.html has a filtered file extension
[DEBUG] Using 'UTF-8' encoding to copy filtered resource 'index.html'.
[DEBUG] copy C:\Users\arjos\Downloads\fh\src\main\resources\templates\admin\movimientos\index.html to C:\Users\arjos\Downloads\fh\target\classes\templates\admin\movimientos\index.html
[DEBUG] Copying file templates\admin\movimientos\show.html
[DEBUG] file show.html has a filtered file extension
[DEBUG] Using 'UTF-8' encoding to copy filtered resource 'show.html'.
[DEBUG] copy C:\Users\arjos\Downloads\fh\src\main\resources\templates\admin\movimientos\show.html to C:\Users\arjos\Downloads\fh\target\classes\templates\admin\movimientos\show.html
[DEBUG] Copying file templates\admin\pqrs\index.html
[DEBUG] file index.html has a filtered file extension
[DEBUG] Using 'UTF-8' encoding to copy filtered resource 'index.html'.
[DEBUG] copy C:\Users\arjos\Downloads\fh\src\main\resources\templates\admin\pqrs\index.html to C:\Users\arjos\Downloads\fh\target\classes\templates\admin\pqrs\index.html
[DEBUG] Copying file templates\admin\pqrs\show.html
[DEBUG] file show.html has a filtered file extension
[DEBUG] Using 'UTF-8' encoding to copy filtered resource 'show.html'.
[DEBUG] copy C:\Users\arjos\Downloads\fh\src\main\resources\templates\admin\pqrs\show.html to C:\Users\arjos\Downloads\fh\target\classes\templates\admin\pqrs\show.html
[DEBUG] Copying file templates\admin\productos\create.html
[DEBUG] file create.html has a filtered file extension
[DEBUG] Using 'UTF-8' encoding to copy filtered resource 'create.html'.
[DEBUG] copy C:\Users\arjos\Downloads\fh\src\main\resources\templates\admin\productos\create.html to C:\Users\arjos\Downloads\fh\target\classes\templates\admin\productos\create.html
[DEBUG] Copying file templates\admin\productos\edit.html
[DEBUG] file edit.html has a filtered file extension
[DEBUG] Using 'UTF-8' encoding to copy filtered resource 'edit.html'.
[DEBUG] copy C:\Users\arjos\Downloads\fh\src\main\resources\templates\admin\productos\edit.html to C:\Users\arjos\Downloads\fh\target\classes\templates\admin\productos\edit.html
[DEBUG] Copying file templates\admin\productos\index.html
[DEBUG] file index.html has a filtered file extension
[DEBUG] Using 'UTF-8' encoding to copy filtered resource 'index.html'.
[DEBUG] copy C:\Users\arjos\Downloads\fh\src\main\resources\templates\admin\productos\index.html to C:\Users\arjos\Downloads\fh\target\classes\templates\admin\productos\index.html
[DEBUG] Copying file templates\admin\productos\show.html
[DEBUG] file show.html has a filtered file extension
[DEBUG] Using 'UTF-8' encoding to copy filtered resource 'show.html'.
[DEBUG] copy C:\Users\arjos\Downloads\fh\src\main\resources\templates\admin\productos\show.html to C:\Users\arjos\Downloads\fh\target\classes\templates\admin\productos\show.html
[DEBUG] Copying file templates\admin\usuarios\create.html
[DEBUG] file create.html has a filtered file extension
[DEBUG] Using 'UTF-8' encoding to copy filtered resource 'create.html'.
[DEBUG] copy C:\Users\arjos\Downloads\fh\src\main\resources\templates\admin\usuarios\create.html to C:\Users\arjos\Downloads\fh\target\classes\templates\admin\usuarios\create.html
[DEBUG] Copying file templates\admin\usuarios\edit.html
[DEBUG] file edit.html has a filtered file extension
[DEBUG] Using 'UTF-8' encoding to copy filtered resource 'edit.html'.
[DEBUG] copy C:\Users\arjos\Downloads\fh\src\main\resources\templates\admin\usuarios\edit.html to C:\Users\arjos\Downloads\fh\target\classes\templates\admin\usuarios\edit.html
[DEBUG] Copying file templates\admin\usuarios\index.html
[DEBUG] file index.html has a filtered file extension
[DEBUG] Using 'UTF-8' encoding to copy filtered resource 'index.html'.
[DEBUG] copy C:\Users\arjos\Downloads\fh\src\main\resources\templates\admin\usuarios\index.html to C:\Users\arjos\Downloads\fh\target\classes\templates\admin\usuarios\index.html
[DEBUG] Copying file templates\admin\usuarios\show.html
[DEBUG] file show.html has a filtered file extension
[DEBUG] Using 'UTF-8' encoding to copy filtered resource 'show.html'.
[DEBUG] copy C:\Users\arjos\Downloads\fh\src\main\resources\templates\admin\usuarios\show.html to C:\Users\arjos\Downloads\fh\target\classes\templates\admin\usuarios\show.html
[DEBUG] Copying file templates\admin\ventas\create.html
[DEBUG] file create.html has a filtered file extension
[DEBUG] Using 'UTF-8' encoding to copy filtered resource 'create.html'.
[DEBUG] copy C:\Users\arjos\Downloads\fh\src\main\resources\templates\admin\ventas\create.html to C:\Users\arjos\Downloads\fh\target\classes\templates\admin\ventas\create.html
[DEBUG] Copying file templates\admin\ventas\index.html
[DEBUG] file index.html has a filtered file extension
[DEBUG] Using 'UTF-8' encoding to copy filtered resource 'index.html'.
[DEBUG] copy C:\Users\arjos\Downloads\fh\src\main\resources\templates\admin\ventas\index.html to C:\Users\arjos\Downloads\fh\target\classes\templates\admin\ventas\index.html
[DEBUG] Copying file templates\admin\ventas\show.html
[DEBUG] file show.html has a filtered file extension
[DEBUG] Using 'UTF-8' encoding to copy filtered resource 'show.html'.
[DEBUG] copy C:\Users\arjos\Downloads\fh\src\main\resources\templates\admin\ventas\show.html to C:\Users\arjos\Downloads\fh\target\classes\templates\admin\ventas\show.html
[DEBUG] Copying file templates\cart.html
[DEBUG] file cart.html has a filtered file extension
[DEBUG] Using 'UTF-8' encoding to copy filtered resource 'cart.html'.
[DEBUG] copy C:\Users\arjos\Downloads\fh\src\main\resources\templates\cart.html to C:\Users\arjos\Downloads\fh\target\classes\templates\cart.html
[DEBUG] Copying file templates\checkout.html
[DEBUG] file checkout.html has a filtered file extension
[DEBUG] Using 'UTF-8' encoding to copy filtered resource 'checkout.html'.
[DEBUG] copy C:\Users\arjos\Downloads\fh\src\main\resources\templates\checkout.html to C:\Users\arjos\Downloads\fh\target\classes\templates\checkout.html
[DEBUG] Copying file templates\cliente\cambiar-password.html
[DEBUG] file cambiar-password.html has a filtered file extension
[DEBUG] Using 'UTF-8' encoding to copy filtered resource 'cambiar-password.html'.
[DEBUG] copy C:\Users\arjos\Downloads\fh\src\main\resources\templates\cliente\cambiar-password.html to C:\Users\arjos\Downloads\fh\target\classes\templates\cliente\cambiar-password.html
[DEBUG] Copying file templates\cliente\dashboard.html
[DEBUG] file dashboard.html has a filtered file extension
[DEBUG] Using 'UTF-8' encoding to copy filtered resource 'dashboard.html'.
[DEBUG] copy C:\Users\arjos\Downloads\fh\src\main\resources\templates\cliente\dashboard.html to C:\Users\arjos\Downloads\fh\target\classes\templates\cliente\dashboard.html
[DEBUG] Copying file templates\cliente\perfil-editar.html
[DEBUG] file perfil-editar.html has a filtered file extension
[DEBUG] Using 'UTF-8' encoding to copy filtered resource 'perfil-editar.html'.
[DEBUG] copy C:\Users\arjos\Downloads\fh\src\main\resources\templates\cliente\perfil-editar.html to C:\Users\arjos\Downloads\fh\target\classes\templates\cliente\perfil-editar.html
[DEBUG] Copying file templates\cliente\perfil.html
[DEBUG] file perfil.html has a filtered file extension
[DEBUG] Using 'UTF-8' encoding to copy filtered resource 'perfil.html'.
[DEBUG] copy C:\Users\arjos\Downloads\fh\src\main\resources\templates\cliente\perfil.html to C:\Users\arjos\Downloads\fh\target\classes\templates\cliente\perfil.html
[DEBUG] Copying file templates\cliente\purchase-detail.html
[DEBUG] file purchase-detail.html has a filtered file extension
[DEBUG] Using 'UTF-8' encoding to copy filtered resource 'purchase-detail.html'.
[DEBUG] copy C:\Users\arjos\Downloads\fh\src\main\resources\templates\cliente\purchase-detail.html to C:\Users\arjos\Downloads\fh\target\classes\templates\cliente\purchase-detail.html
[DEBUG] Copying file templates\fragments\footer.html
[DEBUG] file footer.html has a filtered file extension
[DEBUG] Using 'UTF-8' encoding to copy filtered resource 'footer.html'.
[DEBUG] copy C:\Users\arjos\Downloads\fh\src\main\resources\templates\fragments\footer.html to C:\Users\arjos\Downloads\fh\target\classes\templates\fragments\footer.html
[DEBUG] Copying file templates\fragments\navbar-admin.html
[DEBUG] file navbar-admin.html has a filtered file extension
[DEBUG] Using 'UTF-8' encoding to copy filtered resource 'navbar-admin.html'.
[DEBUG] copy C:\Users\arjos\Downloads\fh\src\main\resources\templates\fragments\navbar-admin.html to C:\Users\arjos\Downloads\fh\target\classes\templates\fragments\navbar-admin.html
[DEBUG] Copying file templates\fragments\navbar-cliente.html
[DEBUG] file navbar-cliente.html has a filtered file extension
[DEBUG] Using 'UTF-8' encoding to copy filtered resource 'navbar-cliente.html'.
[DEBUG] copy C:\Users\arjos\Downloads\fh\src\main\resources\templates\fragments\navbar-cliente.html to C:\Users\arjos\Downloads\fh\target\classes\templates\fragments\navbar-cliente.html
[DEBUG] Copying file templates\fragments\navbar-public.html
[DEBUG] file navbar-public.html has a filtered file extension
[DEBUG] Using 'UTF-8' encoding to copy filtered resource 'navbar-public.html'.
[DEBUG] copy C:\Users\arjos\Downloads\fh\src\main\resources\templates\fragments\navbar-public.html to C:\Users\arjos\Downloads\fh\target\classes\templates\fragments\navbar-public.html
[DEBUG] Copying file templates\fragments\product-card.html
[DEBUG] file product-card.html has a filtered file extension
[DEBUG] Using 'UTF-8' encoding to copy filtered resource 'product-card.html'.
[DEBUG] copy C:\Users\arjos\Downloads\fh\src\main\resources\templates\fragments\product-card.html to C:\Users\arjos\Downloads\fh\target\classes\templates\fragments\product-card.html
[DEBUG] Copying file templates\index.html
[DEBUG] file index.html has a filtered file extension
[DEBUG] Using 'UTF-8' encoding to copy filtered resource 'index.html'.
[DEBUG] copy C:\Users\arjos\Downloads\fh\src\main\resources\templates\index.html to C:\Users\arjos\Downloads\fh\target\classes\templates\index.html
[DEBUG] Copying file templates\layouts\admin-layout.html
[DEBUG] file admin-layout.html has a filtered file extension
[DEBUG] Using 'UTF-8' encoding to copy filtered resource 'admin-layout.html'.
[DEBUG] copy C:\Users\arjos\Downloads\fh\src\main\resources\templates\layouts\admin-layout.html to C:\Users\arjos\Downloads\fh\target\classes\templates\layouts\admin-layout.html
[DEBUG] Copying file templates\layouts\cliente-layout.html
[DEBUG] file cliente-layout.html has a filtered file extension
[DEBUG] Using 'UTF-8' encoding to copy filtered resource 'cliente-layout.html'.
[DEBUG] copy C:\Users\arjos\Downloads\fh\src\main\resources\templates\layouts\cliente-layout.html to C:\Users\arjos\Downloads\fh\target\classes\templates\layouts\cliente-layout.html
[DEBUG] Copying file templates\layouts\fragments\admin-navbar.html
[DEBUG] file admin-navbar.html has a filtered file extension
[DEBUG] Using 'UTF-8' encoding to copy filtered resource 'admin-navbar.html'.
[DEBUG] copy C:\Users\arjos\Downloads\fh\src\main\resources\templates\layouts\fragments\admin-navbar.html to C:\Users\arjos\Downloads\fh\target\classes\templates\layouts\fragments\admin-navbar.html
[DEBUG] Copying file templates\layouts\fragments\admin-sidebar.html
[DEBUG] file admin-sidebar.html has a filtered file extension
[DEBUG] Using 'UTF-8' encoding to copy filtered resource 'admin-sidebar.html'.
[DEBUG] copy C:\Users\arjos\Downloads\fh\src\main\resources\templates\layouts\fragments\admin-sidebar.html to C:\Users\arjos\Downloads\fh\target\classes\templates\layouts\fragments\admin-sidebar.html
[DEBUG] Copying file templates\layouts\public-layout.html
[DEBUG] file public-layout.html has a filtered file extension
[DEBUG] Using 'UTF-8' encoding to copy filtered resource 'public-layout.html'.
[DEBUG] copy C:\Users\arjos\Downloads\fh\src\main\resources\templates\layouts\public-layout.html to C:\Users\arjos\Downloads\fh\target\classes\templates\layouts\public-layout.html
[DEBUG] Copying file templates\login.html
[DEBUG] file login.html has a filtered file extension
[DEBUG] Using 'UTF-8' encoding to copy filtered resource 'login.html'.
[DEBUG] copy C:\Users\arjos\Downloads\fh\src\main\resources\templates\login.html to C:\Users\arjos\Downloads\fh\target\classes\templates\login.html
[DEBUG] Copying file templates\product-detail.html
[DEBUG] file product-detail.html has a filtered file extension
[DEBUG] Using 'UTF-8' encoding to copy filtered resource 'product-detail.html'.
[DEBUG] copy C:\Users\arjos\Downloads\fh\src\main\resources\templates\product-detail.html to C:\Users\arjos\Downloads\fh\target\classes\templates\product-detail.html
[DEBUG] Copying file templates\products.html
[DEBUG] file products.html has a filtered file extension
[DEBUG] Using 'UTF-8' encoding to copy filtered resource 'products.html'.
[DEBUG] copy C:\Users\arjos\Downloads\fh\src\main\resources\templates\products.html to C:\Users\arjos\Downloads\fh\target\classes\templates\products.html
[DEBUG] Copying file templates\purchase-history.html
[DEBUG] file purchase-history.html has a filtered file extension
[DEBUG] Using 'UTF-8' encoding to copy filtered resource 'purchase-history.html'.
[DEBUG] copy C:\Users\arjos\Downloads\fh\src\main\resources\templates\purchase-history.html to C:\Users\arjos\Downloads\fh\target\classes\templates\purchase-history.html
[DEBUG] no user filter components
[INFO] 
[INFO] --- compiler:3.11.0:compile (default-compile) @ fh ---
[DEBUG] Using mirror maven-default-http-blocker (http://0.0.0.0/) for apache.snapshots (http://repository.apache.org/snapshots).
[DEBUG] Dependency collection stats {ConflictMarker.analyzeTime=95400, ConflictMarker.markTime=26600, ConflictMarker.nodeCount=17, ConflictIdSorter.graphTime=31200, ConflictIdSorter.topsortTime=24500, ConflictIdSorter.conflictIdCount=12, ConflictIdSorter.conflictIdCycleCount=0, ConflictResolver.totalTime=429600, ConflictResolver.conflictItemCount=17, DfDependencyCollector.collectTime=189548200, DfDependencyCollector.transformTime=644300}
[DEBUG] org.apache.maven.plugins:maven-compiler-plugin:jar:3.11.0
[DEBUG]    org.apache.maven.shared:maven-shared-utils:jar:3.3.4:compile
[DEBUG]       commons-io:commons-io:jar:2.6:compile
[DEBUG]    org.apache.maven.shared:maven-shared-incremental:jar:1.1:compile
[DEBUG]       org.codehaus.plexus:plexus-component-annotations:jar:1.5.5:compile
[DEBUG]    org.codehaus.plexus:plexus-java:jar:1.1.2:compile
[DEBUG]       org.ow2.asm:asm:jar:9.4:compile
[DEBUG]       com.thoughtworks.qdox:qdox:jar:2.0.3:compile (version managed from default)
[DEBUG]    org.codehaus.plexus:plexus-compiler-api:jar:2.13.0:compile
[DEBUG]       org.codehaus.plexus:plexus-utils:jar:3.5.0:compile (version managed from default)
[DEBUG]    org.codehaus.plexus:plexus-compiler-manager:jar:2.13.0:compile
[DEBUG]    org.codehaus.plexus:plexus-compiler-javac:jar:2.13.0:runtime
[DEBUG] Created new class realm plugin>org.apache.maven.plugins:maven-compiler-plugin:3.11.0
[DEBUG] Importing foreign packages into class realm plugin>org.apache.maven.plugins:maven-compiler-plugin:3.11.0
[DEBUG]   Imported:  < maven.api
[DEBUG] Populating class realm plugin>org.apache.maven.plugins:maven-compiler-plugin:3.11.0
[DEBUG]   Included: org.apache.maven.plugins:maven-compiler-plugin:jar:3.11.0
[DEBUG]   Included: org.apache.maven.shared:maven-shared-utils:jar:3.3.4
[DEBUG]   Included: commons-io:commons-io:jar:2.6
[DEBUG]   Included: org.apache.maven.shared:maven-shared-incremental:jar:1.1
[DEBUG]   Included: org.codehaus.plexus:plexus-component-annotations:jar:1.5.5
[DEBUG]   Included: org.codehaus.plexus:plexus-java:jar:1.1.2
[DEBUG]   Included: org.ow2.asm:asm:jar:9.4
[DEBUG]   Included: com.thoughtworks.qdox:qdox:jar:2.0.3
[DEBUG]   Included: org.codehaus.plexus:plexus-compiler-api:jar:2.13.0
[DEBUG]   Included: org.codehaus.plexus:plexus-utils:jar:3.5.0
[DEBUG]   Included: org.codehaus.plexus:plexus-compiler-manager:jar:2.13.0
[DEBUG]   Included: org.codehaus.plexus:plexus-compiler-javac:jar:2.13.0
[DEBUG] Loading mojo org.apache.maven.plugins:maven-compiler-plugin:3.11.0:compile from plugin realm ClassRealm[plugin>org.apache.maven.plugins:maven-compiler-plugin:3.11.0, parent: jdk.internal.loader.ClassLoaders$AppClassLoader@70dea4e]
[DEBUG] Configuring mojo execution 'org.apache.maven.plugins:maven-compiler-plugin:3.11.0:compile:default-compile' with basic configurator -->
[DEBUG]   (f) basedir = C:\Users\arjos\Downloads\fh
[DEBUG]   (f) buildDirectory = C:\Users\arjos\Downloads\fh\target
[DEBUG]   (f) compilePath = [C:\Users\arjos\Downloads\fh\target\classes, C:\Users\arjos\.m2\repository\org\springframework\boot\spring-boot-starter-web\3.5.7\spring-boot-starter-web-3.5.7.jar, C:\Users\arjos\.m2\repository\org\springframework\boot\spring-boot-starter\3.5.7\spring-boot-starter-3.5.7.jar, C:\Users\arjos\.m2\repository\org\springframework\boot\spring-boot-starter-logging\3.5.7\spring-boot-starter-logging-3.5.7.jar, C:\Users\arjos\.m2\repository\ch\qos\logback\logback-classic\1.5.20\logback-classic-1.5.20.jar, C:\Users\arjos\.m2\repository\ch\qos\logback\logback-core\1.5.20\logback-core-1.5.20.jar, C:\Users\arjos\.m2\repository\org\apache\logging\log4j\log4j-to-slf4j\2.24.3\log4j-to-slf4j-2.24.3.jar, C:\Users\arjos\.m2\repository\org\apache\logging\log4j\log4j-api\2.24.3\log4j-api-2.24.3.jar, C:\Users\arjos\.m2\repository\org\slf4j\jul-to-slf4j\2.0.17\jul-to-slf4j-2.0.17.jar, C:\Users\arjos\.m2\repository\jakarta\annotation\jakarta.annotation-api\2.1.1\jakarta.annotation-api-2.1.1.jar, C:\Users\arjos\.m2\repository\org\yaml\snakeyaml\2.4\snakeyaml-2.4.jar, C:\Users\arjos\.m2\repository\org\springframework\boot\spring-boot-starter-json\3.5.7\spring-boot-starter-json-3.5.7.jar, C:\Users\arjos\.m2\repository\com\fasterxml\jackson\core\jackson-databind\2.19.2\jackson-databind-2.19.2.jar, C:\Users\arjos\.m2\repository\com\fasterxml\jackson\core\jackson-annotations\2.19.2\jackson-annotations-2.19.2.jar, C:\Users\arjos\.m2\repository\com\fasterxml\jackson\core\jackson-core\2.19.2\jackson-core-2.19.2.jar, C:\Users\arjos\.m2\repository\com\fasterxml\jackson\datatype\jackson-datatype-jdk8\2.19.2\jackson-datatype-jdk8-2.19.2.jar, C:\Users\arjos\.m2\repository\com\fasterxml\jackson\datatype\jackson-datatype-jsr310\2.19.2\jackson-datatype-jsr310-2.19.2.jar, C:\Users\arjos\.m2\repository\com\fasterxml\jackson\module\jackson-module-parameter-names\2.19.2\jackson-module-parameter-names-2.19.2.jar, C:\Users\arjos\.m2\repository\org\springframework\boot\spring-boot-starter-tomcat\3.5.7\spring-boot-starter-tomcat-3.5.7.jar, C:\Users\arjos\.m2\repository\org\apache\tomcat\embed\tomcat-embed-core\10.1.48\tomcat-embed-core-10.1.48.jar, C:\Users\arjos\.m2\repository\org\apache\tomcat\embed\tomcat-embed-websocket\10.1.48\tomcat-embed-websocket-10.1.48.jar, C:\Users\arjos\.m2\repository\org\springframework\spring-web\6.2.12\spring-web-6.2.12.jar, C:\Users\arjos\.m2\repository\org\springframework\spring-beans\6.2.12\spring-beans-6.2.12.jar, C:\Users\arjos\.m2\repository\io\micrometer\micrometer-observation\1.15.5\micrometer-observation-1.15.5.jar, C:\Users\arjos\.m2\repository\io\micrometer\micrometer-commons\1.15.5\micrometer-commons-1.15.5.jar, C:\Users\arjos\.m2\repository\org\springframework\spring-webmvc\6.2.12\spring-webmvc-6.2.12.jar, C:\Users\arjos\.m2\repository\org\springframework\spring-context\6.2.12\spring-context-6.2.12.jar, C:\Users\arjos\.m2\repository\org\springframework\spring-expression\6.2.12\spring-expression-6.2.12.jar, C:\Users\arjos\.m2\repository\org\springframework\boot\spring-boot-starter-thymeleaf\3.5.7\spring-boot-starter-thymeleaf-3.5.7.jar, C:\Users\arjos\.m2\repository\org\thymeleaf\thymeleaf-spring6\3.1.3.RELEASE\thymeleaf-spring6-3.1.3.RELEASE.jar, C:\Users\arjos\.m2\repository\org\thymeleaf\thymeleaf\3.1.3.RELEASE\thymeleaf-3.1.3.RELEASE.jar, C:\Users\arjos\.m2\repository\org\attoparser\attoparser\2.0.7.RELEASE\attoparser-2.0.7.RELEASE.jar, C:\Users\arjos\.m2\repository\org\unbescape\unbescape\1.1.6.RELEASE\unbescape-1.1.6.RELEASE.jar, C:\Users\arjos\.m2\repository\org\slf4j\slf4j-api\2.0.17\slf4j-api-2.0.17.jar, C:\Users\arjos\.m2\repository\org\springframework\boot\spring-boot-starter-data-jpa\3.5.7\spring-boot-starter-data-jpa-3.5.7.jar, C:\Users\arjos\.m2\repository\org\springframework\boot\spring-boot-starter-jdbc\3.5.7\spring-boot-starter-jdbc-3.5.7.jar, C:\Users\arjos\.m2\repository\com\zaxxer\HikariCP\6.3.3\HikariCP-6.3.3.jar, C:\Users\arjos\.m2\repository\org\springframework\spring-jdbc\6.2.12\spring-jdbc-6.2.12.jar, C:\Users\arjos\.m2\repository\org\hibernate\orm\hibernate-core\6.6.33.Final\hibernate-core-6.6.33.Final.jar, C:\Users\arjos\.m2\repository\jakarta\persistence\jakarta.persistence-api\3.1.0\jakarta.persistence-api-3.1.0.jar, C:\Users\arjos\.m2\repository\jakarta\transaction\jakarta.transaction-api\2.0.1\jakarta.transaction-api-2.0.1.jar, C:\Users\arjos\.m2\repository\org\jboss\logging\jboss-logging\3.6.1.Final\jboss-logging-3.6.1.Final.jar, C:\Users\arjos\.m2\repository\com\fasterxml\classmate\1.7.1\classmate-1.7.1.jar, C:\Users\arjos\.m2\repository\org\antlr\antlr4-runtime\4.13.0\antlr4-runtime-4.13.0.jar, C:\Users\arjos\.m2\repository\org\springframework\data\spring-data-jpa\3.5.5\spring-data-jpa-3.5.5.jar, C:\Users\arjos\.m2\repository\org\springframework\data\spring-data-commons\3.5.5\spring-data-commons-3.5.5.jar, C:\Users\arjos\.m2\repository\org\springframework\spring-orm\6.2.12\spring-orm-6.2.12.jar, C:\Users\arjos\.m2\repository\org\springframework\spring-tx\6.2.12\spring-tx-6.2.12.jar, C:\Users\arjos\.m2\repository\org\springframework\spring-aspects\6.2.12\spring-aspects-6.2.12.jar, C:\Users\arjos\.m2\repository\org\aspectj\aspectjweaver\1.9.24\aspectjweaver-1.9.24.jar, C:\Users\arjos\.m2\repository\org\springframework\boot\spring-boot-starter-validation\3.5.7\spring-boot-starter-validation-3.5.7.jar, C:\Users\arjos\.m2\repository\org\apache\tomcat\embed\tomcat-embed-el\10.1.48\tomcat-embed-el-10.1.48.jar, C:\Users\arjos\.m2\repository\org\hibernate\validator\hibernate-validator\8.0.3.Final\hibernate-validator-8.0.3.Final.jar, C:\Users\arjos\.m2\repository\jakarta\validation\jakarta.validation-api\3.0.2\jakarta.validation-api-3.0.2.jar, C:\Users\arjos\.m2\repository\org\springframework\boot\spring-boot-starter-security\3.5.7\spring-boot-starter-security-3.5.7.jar, C:\Users\arjos\.m2\repository\org\springframework\spring-aop\6.2.12\spring-aop-6.2.12.jar, C:\Users\arjos\.m2\repository\org\springframework\security\spring-security-config\6.5.6\spring-security-config-6.5.6.jar, C:\Users\arjos\.m2\repository\org\springframework\security\spring-security-core\6.5.6\spring-security-core-6.5.6.jar, C:\Users\arjos\.m2\repository\org\springframework\security\spring-security-crypto\6.5.6\spring-security-crypto-6.5.6.jar, C:\Users\arjos\.m2\repository\org\springframework\security\spring-security-web\6.5.6\spring-security-web-6.5.6.jar, C:\Users\arjos\.m2\repository\com\github\librepdf\openpdf\1.3.40\openpdf-1.3.40.jar, C:\Users\arjos\.m2\repository\org\projectlombok\lombok\1.18.42\lombok-1.18.42.jar, C:\Users\arjos\.m2\repository\org\springframework\boot\spring-boot\3.5.7\spring-boot-3.5.7.jar, C:\Users\arjos\.m2\repository\org\springframework\boot\spring-boot-autoconfigure\3.5.7\spring-boot-autoconfigure-3.5.7.jar, C:\Users\arjos\.m2\repository\org\springframework\spring-core\6.2.12\spring-core-6.2.12.jar, C:\Users\arjos\.m2\repository\org\springframework\spring-jcl\6.2.12\spring-jcl-6.2.12.jar]
[DEBUG]   (f) compileSourceRoots = [C:\Users\arjos\Downloads\fh\src\main\java]
[DEBUG]   (f) compilerId = javac
[DEBUG]   (f) createMissingPackageInfoClass = true
[DEBUG]   (f) debug = true
[DEBUG]   (f) debugFileName = javac
[DEBUG]   (f) enablePreview = false
[DEBUG]   (f) encoding = UTF-8
[DEBUG]   (f) failOnError = true
[DEBUG]   (f) failOnWarning = false
[DEBUG]   (f) forceJavacCompilerUse = false
[DEBUG]   (f) fork = false
[DEBUG]   (f) generatedSourcesDirectory = C:\Users\arjos\Downloads\fh\target\generated-sources\annotations
[DEBUG]   (f) mojoExecution = org.apache.maven.plugins:maven-compiler-plugin:3.11.0:compile {execution: default-compile}
[DEBUG]   (f) optimize = false
[DEBUG]   (f) outputDirectory = C:\Users\arjos\Downloads\fh\target\classes
[DEBUG]   (f) parameters = true
[DEBUG]   (f) project = MavenProject: com.academic:fh:0.0.1-SNAPSHOT @ C:\Users\arjos\Downloads\fh\pom.xml
[DEBUG]   (f) projectArtifact = com.academic:fh:jar:0.0.1-SNAPSHOT
[DEBUG]   (s) release = 17
[DEBUG]   (f) session = org.apache.maven.execution.MavenSession@642f9a77
[DEBUG]   (f) showCompilationChanges = false
[DEBUG]   (f) showDeprecation = false
[DEBUG]   (f) showWarnings = true
[DEBUG]   (f) skipMultiThreadWarning = false
[DEBUG]   (f) source = 1.8
[DEBUG]   (f) staleMillis = 0
[DEBUG]   (s) target = 1.8
[DEBUG]   (f) useIncrementalCompilation = true
[DEBUG]   (f) verbose = false
[DEBUG] -- end configuration --
[DEBUG] Using compiler 'javac'.
[DEBUG] Adding C:\Users\arjos\Downloads\fh\target\generated-sources\annotations to compile source roots:
  C:\Users\arjos\Downloads\fh\src\main\java
[DEBUG] New compile source roots:
  C:\Users\arjos\Downloads\fh\src\main\java
  C:\Users\arjos\Downloads\fh\target\generated-sources\annotations
[DEBUG] CompilerReuseStrategy: reuseCreated
[DEBUG] useIncrementalCompilation enabled
[DEBUG] Stale source detected: C:\Users\arjos\Downloads\fh\src\main\java\com\academic\fh\security\CustomUserDetailsService.java
[DEBUG] Stale source detected: C:\Users\arjos\Downloads\fh\src\main\java\com\academic\fh\model\MovimientoInventario.java
[DEBUG] Stale source detected: C:\Users\arjos\Downloads\fh\src\main\java\com\academic\fh\model\PQRS.java
[DEBUG] Stale source detected: C:\Users\arjos\Downloads\fh\src\main\java\com\academic\fh\repository\InventarioRepository.java
[DEBUG] Stale source detected: C:\Users\arjos\Downloads\fh\src\main\java\com\academic\fh\config\SecurityConfig.java
[DEBUG] Stale source detected: C:\Users\arjos\Downloads\fh\src\main\java\com\academic\fh\controller\cliente\ClienteCompraController.java
[DEBUG] Stale source detected: C:\Users\arjos\Downloads\fh\src\main\java\com\academic\fh\model\AtributoValor.java
[DEBUG] Stale source detected: C:\Users\arjos\Downloads\fh\src\main\java\com\academic\fh\service\ClienteService.java
[DEBUG] Stale source detected: C:\Users\arjos\Downloads\fh\src\main\java\com\academic\fh\model\Inventario.java
[DEBUG] Stale source detected: C:\Users\arjos\Downloads\fh\src\main\java\com\academic\fh\model\Producto.java
[DEBUG] Stale source detected: C:\Users\arjos\Downloads\fh\src\main\java\com\academic\fh\controller\AtributoValorController.java
[DEBUG] Stale source detected: C:\Users\arjos\Downloads\fh\src\main\java\com\academic\fh\service\PagoService.java
[DEBUG] Stale source detected: C:\Users\arjos\Downloads\fh\src\main\java\com\academic\fh\service\VentaDetalleService.java
[DEBUG] Stale source detected: C:\Users\arjos\Downloads\fh\src\main\java\com\academic\fh\model\Ubicacion.java
[DEBUG] Stale source detected: C:\Users\arjos\Downloads\fh\src\main\java\com\academic\fh\controller\MetodoPagoController.java
[DEBUG] Stale source detected: C:\Users\arjos\Downloads\fh\src\main\java\com\academic\fh\controller\cliente\ClientePerfilController.java
[DEBUG] Stale source detected: C:\Users\arjos\Downloads\fh\src\main\java\com\academic\fh\repository\CategoriaRepository.java
[DEBUG] Stale source detected: C:\Users\arjos\Downloads\fh\src\main\java\com\academic\fh\controller\CategoriaController.java
[DEBUG] Stale source detected: C:\Users\arjos\Downloads\fh\src\main\java\com\academic\fh\controller\VentaController.java
[DEBUG] Stale source detected: C:\Users\arjos\Downloads\fh\src\main\java\com\academic\fh\model\Venta.java
[DEBUG] Stale source detected: C:\Users\arjos\Downloads\fh\src\main\java\com\academic\fh\repository\ProductoVarianteRepository.java
[DEBUG] Stale source detected: C:\Users\arjos\Downloads\fh\src\main\java\com\academic\fh\controller\AuthController.java
[DEBUG] Stale source detected: C:\Users\arjos\Downloads\fh\src\main\java\com\academic\fh\repository\GarantiaRepository.java
[DEBUG] Stale source detected: C:\Users\arjos\Downloads\fh\src\main\java\com\academic\fh\controller\publico\HomeController.java
[DEBUG] Stale source detected: C:\Users\arjos\Downloads\fh\src\main\java\com\academic\fh\service\AtributoService.java
[DEBUG] Stale source detected: C:\Users\arjos\Downloads\fh\src\main\java\com\academic\fh\model\Cliente.java
[DEBUG] Stale source detected: C:\Users\arjos\Downloads\fh\src\main\java\com\academic\fh\model\VentaDetalle.java
[DEBUG] Stale source detected: C:\Users\arjos\Downloads\fh\src\main\java\com\academic\fh\model\Garantia.java
[DEBUG] Stale source detected: C:\Users\arjos\Downloads\fh\src\main\java\com\academic\fh\repository\PqrsRepository.java
[DEBUG] Stale source detected: C:\Users\arjos\Downloads\fh\src\main\java\com\academic\fh\repository\ProductoAtributoRepository.java
[DEBUG] Stale source detected: C:\Users\arjos\Downloads\fh\src\main\java\com\academic\fh\service\CategoriaService.java
[DEBUG] Stale source detected: C:\Users\arjos\Downloads\fh\src\main\java\com\academic\fh\service\InventarioService.java
[DEBUG] Stale source detected: C:\Users\arjos\Downloads\fh\src\main\java\com\academic\fh\controller\MovimientoInventarioController.java
[DEBUG] Stale source detected: C:\Users\arjos\Downloads\fh\src\main\java\com\academic\fh\controller\publico\PublicProductController.java
[DEBUG] Stale source detected: C:\Users\arjos\Downloads\fh\src\main\java\com\academic\fh\controller\PqrsController.java
[DEBUG] Stale source detected: C:\Users\arjos\Downloads\fh\src\main\java\com\academic\fh\service\VarianteService.java
[DEBUG] Stale source detected: C:\Users\arjos\Downloads\fh\src\main\java\com\academic\fh\util\PasswordGenerator.java
[DEBUG] Stale source detected: C:\Users\arjos\Downloads\fh\src\main\java\com\academic\fh\model\ProductoGarantia.java
[DEBUG] Stale source detected: C:\Users\arjos\Downloads\fh\src\main\java\com\academic\fh\controller\InventarioController.java
[DEBUG] Stale source detected: C:\Users\arjos\Downloads\fh\src\main\java\com\academic\fh\controller\AtributoController.java
[DEBUG] Stale source detected: C:\Users\arjos\Downloads\fh\src\main\java\com\academic\fh\model\ProductoAtributo.java
[DEBUG] Stale source detected: C:\Users\arjos\Downloads\fh\src\main\java\com\academic\fh\repository\AtributoRepository.java
[DEBUG] Stale source detected: C:\Users\arjos\Downloads\fh\src\main\java\com\academic\fh\repository\UserRepository.java
[DEBUG] Stale source detected: C:\Users\arjos\Downloads\fh\src\main\java\com\academic\fh\FhApplication.java
[DEBUG] Stale source detected: C:\Users\arjos\Downloads\fh\src\main\java\com\academic\fh\service\UserService.java
[DEBUG] Stale source detected: C:\Users\arjos\Downloads\fh\src\main\java\com\academic\fh\service\PqrsService.java
[DEBUG] Stale source detected: C:\Users\arjos\Downloads\fh\src\main\java\com\academic\fh\controller\ProductoController.java
[DEBUG] Stale source detected: C:\Users\arjos\Downloads\fh\src\main\java\com\academic\fh\repository\VentaDetalleRepository.java
[DEBUG] Stale source detected: C:\Users\arjos\Downloads\fh\src\main\java\com\academic\fh\model\Categoria.java
[DEBUG] Stale source detected: C:\Users\arjos\Downloads\fh\src\main\java\com\academic\fh\repository\ProductoRepository.java
[DEBUG] Stale source detected: C:\Users\arjos\Downloads\fh\src\main\java\com\academic\fh\config\DataInitializer.java
[DEBUG] Stale source detected: C:\Users\arjos\Downloads\fh\src\main\java\com\academic\fh\controller\cliente\ClienteDashboardController.java
[DEBUG] Stale source detected: C:\Users\arjos\Downloads\fh\src\main\java\com\academic\fh\repository\MetodoPagoRepository.java
[DEBUG] Stale source detected: C:\Users\arjos\Downloads\fh\src\main\java\com\academic\fh\controller\ClienteController.java
[DEBUG] Stale source detected: C:\Users\arjos\Downloads\fh\src\main\java\com\academic\fh\security\CustomUserDetails.java
[DEBUG] Stale source detected: C:\Users\arjos\Downloads\fh\src\main\java\com\academic\fh\controller\UserController.java
[DEBUG] Stale source detected: C:\Users\arjos\Downloads\fh\src\main\java\com\academic\fh\model\ProductoVariante.java
[DEBUG] Stale source detected: C:\Users\arjos\Downloads\fh\src\main\java\com\academic\fh\model\Atributo.java
[DEBUG] Stale source detected: C:\Users\arjos\Downloads\fh\src\main\java\com\academic\fh\repository\VarianteAtributoRepository.java
[DEBUG] Stale source detected: C:\Users\arjos\Downloads\fh\src\main\java\com\academic\fh\model\User.java
[DEBUG] Stale source detected: C:\Users\arjos\Downloads\fh\src\main\java\com\academic\fh\controller\PagoController.java
[DEBUG] Stale source detected: C:\Users\arjos\Downloads\fh\src\main\java\com\academic\fh\repository\AtributoValorRepository.java
[DEBUG] Stale source detected: C:\Users\arjos\Downloads\fh\src\main\java\com\academic\fh\repository\UbicacionRepository.java
[DEBUG] Stale source detected: C:\Users\arjos\Downloads\fh\src\main\java\com\academic\fh\controller\AdminController.java
[DEBUG] Stale source detected: C:\Users\arjos\Downloads\fh\src\main\java\com\academic\fh\service\MetodoPagoService.java
[DEBUG] Stale source detected: C:\Users\arjos\Downloads\fh\src\main\java\com\academic\fh\service\CarritoService.java
[DEBUG] Stale source detected: C:\Users\arjos\Downloads\fh\src\main\java\com\academic\fh\model\ProductoCategoria.java
[DEBUG] Stale source detected: C:\Users\arjos\Downloads\fh\src\main\java\com\academic\fh\service\AtributoValorService.java
[DEBUG] Stale source detected: C:\Users\arjos\Downloads\fh\src\main\java\com\academic\fh\controller\VentaDetalleController.java
[DEBUG] Stale source detected: C:\Users\arjos\Downloads\fh\src\main\java\com\academic\fh\model\Pago.java
[DEBUG] Stale source detected: C:\Users\arjos\Downloads\fh\src\main\java\com\academic\fh\model\MetodoPago.java
[DEBUG] Stale source detected: C:\Users\arjos\Downloads\fh\src\main\java\com\academic\fh\repository\ProductoGarantiaRepository.java
[DEBUG] Stale source detected: C:\Users\arjos\Downloads\fh\src\main\java\com\academic\fh\repository\VentaRepository.java
[DEBUG] Stale source detected: C:\Users\arjos\Downloads\fh\src\main\java\com\academic\fh\controller\publico\CheckoutController.java
[DEBUG] Stale source detected: C:\Users\arjos\Downloads\fh\src\main\java\com\academic\fh\controller\VarianteController.java
[DEBUG] Stale source detected: C:\Users\arjos\Downloads\fh\src\main\java\com\academic\fh\model\VarianteAtributo.java
[DEBUG] Stale source detected: C:\Users\arjos\Downloads\fh\src\main\java\com\academic\fh\repository\ClienteRepository.java
[DEBUG] Stale source detected: C:\Users\arjos\Downloads\fh\src\main\java\com\academic\fh\repository\PagoRepository.java
[DEBUG] Stale source detected: C:\Users\arjos\Downloads\fh\src\main\java\com\academic\fh\repository\ProductoCategoriaRepository.java
[DEBUG] Stale source detected: C:\Users\arjos\Downloads\fh\src\main\java\com\academic\fh\repository\MovimientoInventarioRepository.java
[DEBUG] Stale source detected: C:\Users\arjos\Downloads\fh\src\main\java\com\academic\fh\service\MovimientoInventarioService.java
[DEBUG] Stale source detected: C:\Users\arjos\Downloads\fh\src\main\java\com\academic\fh\service\ProductoService.java
[DEBUG] Stale source detected: C:\Users\arjos\Downloads\fh\src\main\java\com\academic\fh\service\VentaService.java
[DEBUG] Stale source detected: C:\Users\arjos\Downloads\fh\src\main\java\com\academic\fh\controller\publico\CartController.java
[INFO] Changes detected - recompiling the module! :source
[DEBUG] Classpath:
[DEBUG]  C:\Users\arjos\Downloads\fh\target\classes
[DEBUG]  C:\Users\arjos\.m2\repository\org\springframework\boot\spring-boot-starter-web\3.5.7\spring-boot-starter-web-3.5.7.jar
[DEBUG]  C:\Users\arjos\.m2\repository\org\springframework\boot\spring-boot-starter\3.5.7\spring-boot-starter-3.5.7.jar
[DEBUG]  C:\Users\arjos\.m2\repository\org\springframework\boot\spring-boot-starter-logging\3.5.7\spring-boot-starter-logging-3.5.7.jar
[DEBUG]  C:\Users\arjos\.m2\repository\ch\qos\logback\logback-classic\1.5.20\logback-classic-1.5.20.jar
[DEBUG]  C:\Users\arjos\.m2\repository\ch\qos\logback\logback-core\1.5.20\logback-core-1.5.20.jar
[DEBUG]  C:\Users\arjos\.m2\repository\org\apache\logging\log4j\log4j-to-slf4j\2.24.3\log4j-to-slf4j-2.24.3.jar
[DEBUG]  C:\Users\arjos\.m2\repository\org\apache\logging\log4j\log4j-api\2.24.3\log4j-api-2.24.3.jar
[DEBUG]  C:\Users\arjos\.m2\repository\org\slf4j\jul-to-slf4j\2.0.17\jul-to-slf4j-2.0.17.jar
[DEBUG]  C:\Users\arjos\.m2\repository\jakarta\annotation\jakarta.annotation-api\2.1.1\jakarta.annotation-api-2.1.1.jar
[DEBUG]  C:\Users\arjos\.m2\repository\org\yaml\snakeyaml\2.4\snakeyaml-2.4.jar
[DEBUG]  C:\Users\arjos\.m2\repository\org\springframework\boot\spring-boot-starter-json\3.5.7\spring-boot-starter-json-3.5.7.jar
[DEBUG]  C:\Users\arjos\.m2\repository\com\fasterxml\jackson\core\jackson-databind\2.19.2\jackson-databind-2.19.2.jar
[DEBUG]  C:\Users\arjos\.m2\repository\com\fasterxml\jackson\core\jackson-annotations\2.19.2\jackson-annotations-2.19.2.jar
[DEBUG]  C:\Users\arjos\.m2\repository\com\fasterxml\jackson\core\jackson-core\2.19.2\jackson-core-2.19.2.jar
[DEBUG]  C:\Users\arjos\.m2\repository\com\fasterxml\jackson\datatype\jackson-datatype-jdk8\2.19.2\jackson-datatype-jdk8-2.19.2.jar
[DEBUG]  C:\Users\arjos\.m2\repository\com\fasterxml\jackson\datatype\jackson-datatype-jsr310\2.19.2\jackson-datatype-jsr310-2.19.2.jar
[DEBUG]  C:\Users\arjos\.m2\repository\com\fasterxml\jackson\module\jackson-module-parameter-names\2.19.2\jackson-module-parameter-names-2.19.2.jar
[DEBUG]  C:\Users\arjos\.m2\repository\org\springframework\boot\spring-boot-starter-tomcat\3.5.7\spring-boot-starter-tomcat-3.5.7.jar
[DEBUG]  C:\Users\arjos\.m2\repository\org\apache\tomcat\embed\tomcat-embed-core\10.1.48\tomcat-embed-core-10.1.48.jar
[DEBUG]  C:\Users\arjos\.m2\repository\org\apache\tomcat\embed\tomcat-embed-websocket\10.1.48\tomcat-embed-websocket-10.1.48.jar
[DEBUG]  C:\Users\arjos\.m2\repository\org\springframework\spring-web\6.2.12\spring-web-6.2.12.jar
[DEBUG]  C:\Users\arjos\.m2\repository\org\springframework\spring-beans\6.2.12\spring-beans-6.2.12.jar
[DEBUG]  C:\Users\arjos\.m2\repository\io\micrometer\micrometer-observation\1.15.5\micrometer-observation-1.15.5.jar
[DEBUG]  C:\Users\arjos\.m2\repository\io\micrometer\micrometer-commons\1.15.5\micrometer-commons-1.15.5.jar
[DEBUG]  C:\Users\arjos\.m2\repository\org\springframework\spring-webmvc\6.2.12\spring-webmvc-6.2.12.jar
[DEBUG]  C:\Users\arjos\.m2\repository\org\springframework\spring-context\6.2.12\spring-context-6.2.12.jar
[DEBUG]  C:\Users\arjos\.m2\repository\org\springframework\spring-expression\6.2.12\spring-expression-6.2.12.jar
[DEBUG]  C:\Users\arjos\.m2\repository\org\springframework\boot\spring-boot-starter-thymeleaf\3.5.7\spring-boot-starter-thymeleaf-3.5.7.jar
[DEBUG]  C:\Users\arjos\.m2\repository\org\thymeleaf\thymeleaf-spring6\3.1.3.RELEASE\thymeleaf-spring6-3.1.3.RELEASE.jar
[DEBUG]  C:\Users\arjos\.m2\repository\org\thymeleaf\thymeleaf\3.1.3.RELEASE\thymeleaf-3.1.3.RELEASE.jar
[DEBUG]  C:\Users\arjos\.m2\repository\org\attoparser\attoparser\2.0.7.RELEASE\attoparser-2.0.7.RELEASE.jar
[DEBUG]  C:\Users\arjos\.m2\repository\org\unbescape\unbescape\1.1.6.RELEASE\unbescape-1.1.6.RELEASE.jar
[DEBUG]  C:\Users\arjos\.m2\repository\org\slf4j\slf4j-api\2.0.17\slf4j-api-2.0.17.jar
[DEBUG]  C:\Users\arjos\.m2\repository\org\springframework\boot\spring-boot-starter-data-jpa\3.5.7\spring-boot-starter-data-jpa-3.5.7.jar
[DEBUG]  C:\Users\arjos\.m2\repository\org\springframework\boot\spring-boot-starter-jdbc\3.5.7\spring-boot-starter-jdbc-3.5.7.jar
[DEBUG]  C:\Users\arjos\.m2\repository\com\zaxxer\HikariCP\6.3.3\HikariCP-6.3.3.jar
[DEBUG]  C:\Users\arjos\.m2\repository\org\springframework\spring-jdbc\6.2.12\spring-jdbc-6.2.12.jar
[DEBUG]  C:\Users\arjos\.m2\repository\org\hibernate\orm\hibernate-core\6.6.33.Final\hibernate-core-6.6.33.Final.jar
[DEBUG]  C:\Users\arjos\.m2\repository\jakarta\persistence\jakarta.persistence-api\3.1.0\jakarta.persistence-api-3.1.0.jar
[DEBUG]  C:\Users\arjos\.m2\repository\jakarta\transaction\jakarta.transaction-api\2.0.1\jakarta.transaction-api-2.0.1.jar
[DEBUG]  C:\Users\arjos\.m2\repository\org\jboss\logging\jboss-logging\3.6.1.Final\jboss-logging-3.6.1.Final.jar
[DEBUG]  C:\Users\arjos\.m2\repository\com\fasterxml\classmate\1.7.1\classmate-1.7.1.jar
[DEBUG]  C:\Users\arjos\.m2\repository\org\antlr\antlr4-runtime\4.13.0\antlr4-runtime-4.13.0.jar
[DEBUG]  C:\Users\arjos\.m2\repository\org\springframework\data\spring-data-jpa\3.5.5\spring-data-jpa-3.5.5.jar
[DEBUG]  C:\Users\arjos\.m2\repository\org\springframework\data\spring-data-commons\3.5.5\spring-data-commons-3.5.5.jar
[DEBUG]  C:\Users\arjos\.m2\repository\org\springframework\spring-orm\6.2.12\spring-orm-6.2.12.jar
[DEBUG]  C:\Users\arjos\.m2\repository\org\springframework\spring-tx\6.2.12\spring-tx-6.2.12.jar
[DEBUG]  C:\Users\arjos\.m2\repository\org\springframework\spring-aspects\6.2.12\spring-aspects-6.2.12.jar
[DEBUG]  C:\Users\arjos\.m2\repository\org\aspectj\aspectjweaver\1.9.24\aspectjweaver-1.9.24.jar
[DEBUG]  C:\Users\arjos\.m2\repository\org\springframework\boot\spring-boot-starter-validation\3.5.7\spring-boot-starter-validation-3.5.7.jar
[DEBUG]  C:\Users\arjos\.m2\repository\org\apache\tomcat\embed\tomcat-embed-el\10.1.48\tomcat-embed-el-10.1.48.jar
[DEBUG]  C:\Users\arjos\.m2\repository\org\hibernate\validator\hibernate-validator\8.0.3.Final\hibernate-validator-8.0.3.Final.jar
[DEBUG]  C:\Users\arjos\.m2\repository\jakarta\validation\jakarta.validation-api\3.0.2\jakarta.validation-api-3.0.2.jar
[DEBUG]  C:\Users\arjos\.m2\repository\org\springframework\boot\spring-boot-starter-security\3.5.7\spring-boot-starter-security-3.5.7.jar
[DEBUG]  C:\Users\arjos\.m2\repository\org\springframework\spring-aop\6.2.12\spring-aop-6.2.12.jar
[DEBUG]  C:\Users\arjos\.m2\repository\org\springframework\security\spring-security-config\6.5.6\spring-security-config-6.5.6.jar
[DEBUG]  C:\Users\arjos\.m2\repository\org\springframework\security\spring-security-core\6.5.6\spring-security-core-6.5.6.jar
[DEBUG]  C:\Users\arjos\.m2\repository\org\springframework\security\spring-security-crypto\6.5.6\spring-security-crypto-6.5.6.jar
[DEBUG]  C:\Users\arjos\.m2\repository\org\springframework\security\spring-security-web\6.5.6\spring-security-web-6.5.6.jar
[DEBUG]  C:\Users\arjos\.m2\repository\com\github\librepdf\openpdf\1.3.40\openpdf-1.3.40.jar
[DEBUG]  C:\Users\arjos\.m2\repository\org\projectlombok\lombok\1.18.42\lombok-1.18.42.jar
[DEBUG]  C:\Users\arjos\.m2\repository\org\springframework\boot\spring-boot\3.5.7\spring-boot-3.5.7.jar
[DEBUG]  C:\Users\arjos\.m2\repository\org\springframework\boot\spring-boot-autoconfigure\3.5.7\spring-boot-autoconfigure-3.5.7.jar
[DEBUG]  C:\Users\arjos\.m2\repository\org\springframework\spring-core\6.2.12\spring-core-6.2.12.jar
[DEBUG]  C:\Users\arjos\.m2\repository\org\springframework\spring-jcl\6.2.12\spring-jcl-6.2.12.jar
[DEBUG] Source roots:
[DEBUG]  C:\Users\arjos\Downloads\fh\src\main\java
[DEBUG]  C:\Users\arjos\Downloads\fh\target\generated-sources\annotations
[DEBUG] Command line options:
[DEBUG] -d C:\Users\arjos\Downloads\fh\target\classes -classpath C:\Users\arjos\Downloads\fh\target\classes;C:\Users\arjos\.m2\repository\org\springframework\boot\spring-boot-starter-web\3.5.7\spring-boot-starter-web-3.5.7.jar;C:\Users\arjos\.m2\repository\org\springframework\boot\spring-boot-starter\3.5.7\spring-boot-starter-3.5.7.jar;C:\Users\arjos\.m2\repository\org\springframework\boot\spring-boot-starter-logging\3.5.7\spring-boot-starter-logging-3.5.7.jar;C:\Users\arjos\.m2\repository\ch\qos\logback\logback-classic\1.5.20\logback-classic-1.5.20.jar;C:\Users\arjos\.m2\repository\ch\qos\logback\logback-core\1.5.20\logback-core-1.5.20.jar;C:\Users\arjos\.m2\repository\org\apache\logging\log4j\log4j-to-slf4j\2.24.3\log4j-to-slf4j-2.24.3.jar;C:\Users\arjos\.m2\repository\org\apache\logging\log4j\log4j-api\2.24.3\log4j-api-2.24.3.jar;C:\Users\arjos\.m2\repository\org\slf4j\jul-to-slf4j\2.0.17\jul-to-slf4j-2.0.17.jar;C:\Users\arjos\.m2\repository\jakarta\annotation\jakarta.annotation-api\2.1.1\jakarta.annotation-api-2.1.1.jar;C:\Users\arjos\.m2\repository\org\yaml\snakeyaml\2.4\snakeyaml-2.4.jar;C:\Users\arjos\.m2\repository\org\springframework\boot\spring-boot-starter-json\3.5.7\spring-boot-starter-json-3.5.7.jar;C:\Users\arjos\.m2\repository\com\fasterxml\jackson\core\jackson-databind\2.19.2\jackson-databind-2.19.2.jar;C:\Users\arjos\.m2\repository\com\fasterxml\jackson\core\jackson-annotations\2.19.2\jackson-annotations-2.19.2.jar;C:\Users\arjos\.m2\repository\com\fasterxml\jackson\core\jackson-core\2.19.2\jackson-core-2.19.2.jar;C:\Users\arjos\.m2\repository\com\fasterxml\jackson\datatype\jackson-datatype-jdk8\2.19.2\jackson-datatype-jdk8-2.19.2.jar;C:\Users\arjos\.m2\repository\com\fasterxml\jackson\datatype\jackson-datatype-jsr310\2.19.2\jackson-datatype-jsr310-2.19.2.jar;C:\Users\arjos\.m2\repository\com\fasterxml\jackson\module\jackson-module-parameter-names\2.19.2\jackson-module-parameter-names-2.19.2.jar;C:\Users\arjos\.m2\repository\org\springframework\boot\spring-boot-starter-tomcat\3.5.7\spring-boot-starter-tomcat-3.5.7.jar;C:\Users\arjos\.m2\repository\org\apache\tomcat\embed\tomcat-embed-core\10.1.48\tomcat-embed-core-10.1.48.jar;C:\Users\arjos\.m2\repository\org\apache\tomcat\embed\tomcat-embed-websocket\10.1.48\tomcat-embed-websocket-10.1.48.jar;C:\Users\arjos\.m2\repository\org\springframework\spring-web\6.2.12\spring-web-6.2.12.jar;C:\Users\arjos\.m2\repository\org\springframework\spring-beans\6.2.12\spring-beans-6.2.12.jar;C:\Users\arjos\.m2\repository\io\micrometer\micrometer-observation\1.15.5\micrometer-observation-1.15.5.jar;C:\Users\arjos\.m2\repository\io\micrometer\micrometer-commons\1.15.5\micrometer-commons-1.15.5.jar;C:\Users\arjos\.m2\repository\org\springframework\spring-webmvc\6.2.12\spring-webmvc-6.2.12.jar;C:\Users\arjos\.m2\repository\org\springframework\spring-context\6.2.12\spring-context-6.2.12.jar;C:\Users\arjos\.m2\repository\org\springframework\spring-expression\6.2.12\spring-expression-6.2.12.jar;C:\Users\arjos\.m2\repository\org\springframework\boot\spring-boot-starter-thymeleaf\3.5.7\spring-boot-starter-thymeleaf-3.5.7.jar;C:\Users\arjos\.m2\repository\org\thymeleaf\thymeleaf-spring6\3.1.3.RELEASE\thymeleaf-spring6-3.1.3.RELEASE.jar;C:\Users\arjos\.m2\repository\org\thymeleaf\thymeleaf\3.1.3.RELEASE\thymeleaf-3.1.3.RELEASE.jar;C:\Users\arjos\.m2\repository\org\attoparser\attoparser\2.0.7.RELEASE\attoparser-2.0.7.RELEASE.jar;C:\Users\arjos\.m2\repository\org\unbescape\unbescape\1.1.6.RELEASE\unbescape-1.1.6.RELEASE.jar;C:\Users\arjos\.m2\repository\org\slf4j\slf4j-api\2.0.17\slf4j-api-2.0.17.jar;C:\Users\arjos\.m2\repository\org\springframework\boot\spring-boot-starter-data-jpa\3.5.7\spring-boot-starter-data-jpa-3.5.7.jar;C:\Users\arjos\.m2\repository\org\springframework\boot\spring-boot-starter-jdbc\3.5.7\spring-boot-starter-jdbc-3.5.7.jar;C:\Users\arjos\.m2\repository\com\zaxxer\HikariCP\6.3.3\HikariCP-6.3.3.jar;C:\Users\arjos\.m2\repository\org\springframework\spring-jdbc\6.2.12\spring-jdbc-6.2.12.jar;C:\Users\arjos\.m2\repository\org\hibernate\orm\hibernate-core\6.6.33.Final\hibernate-core-6.6.33.Final.jar;C:\Users\arjos\.m2\repository\jakarta\persistence\jakarta.persistence-api\3.1.0\jakarta.persistence-api-3.1.0.jar;C:\Users\arjos\.m2\repository\jakarta\transaction\jakarta.transaction-api\2.0.1\jakarta.transaction-api-2.0.1.jar;C:\Users\arjos\.m2\repository\org\jboss\logging\jboss-logging\3.6.1.Final\jboss-logging-3.6.1.Final.jar;C:\Users\arjos\.m2\repository\com\fasterxml\classmate\1.7.1\classmate-1.7.1.jar;C:\Users\arjos\.m2\repository\org\antlr\antlr4-runtime\4.13.0\antlr4-runtime-4.13.0.jar;C:\Users\arjos\.m2\repository\org\springframework\data\spring-data-jpa\3.5.5\spring-data-jpa-3.5.5.jar;C:\Users\arjos\.m2\repository\org\springframework\data\spring-data-commons\3.5.5\spring-data-commons-3.5.5.jar;C:\Users\arjos\.m2\repository\org\springframework\spring-orm\6.2.12\spring-orm-6.2.12.jar;C:\Users\arjos\.m2\repository\org\springframework\spring-tx\6.2.12\spring-tx-6.2.12.jar;C:\Users\arjos\.m2\repository\org\springframework\spring-aspects\6.2.12\spring-aspects-6.2.12.jar;C:\Users\arjos\.m2\repository\org\aspectj\aspectjweaver\1.9.24\aspectjweaver-1.9.24.jar;C:\Users\arjos\.m2\repository\org\springframework\boot\spring-boot-starter-validation\3.5.7\spring-boot-starter-validation-3.5.7.jar;C:\Users\arjos\.m2\repository\org\apache\tomcat\embed\tomcat-embed-el\10.1.48\tomcat-embed-el-10.1.48.jar;C:\Users\arjos\.m2\repository\org\hibernate\validator\hibernate-validator\8.0.3.Final\hibernate-validator-8.0.3.Final.jar;C:\Users\arjos\.m2\repository\jakarta\validation\jakarta.validation-api\3.0.2\jakarta.validation-api-3.0.2.jar;C:\Users\arjos\.m2\repository\org\springframework\boot\spring-boot-starter-security\3.5.7\spring-boot-starter-security-3.5.7.jar;C:\Users\arjos\.m2\repository\org\springframework\spring-aop\6.2.12\spring-aop-6.2.12.jar;C:\Users\arjos\.m2\repository\org\springframework\security\spring-security-config\6.5.6\spring-security-config-6.5.6.jar;C:\Users\arjos\.m2\repository\org\springframework\security\spring-security-core\6.5.6\spring-security-core-6.5.6.jar;C:\Users\arjos\.m2\repository\org\springframework\security\spring-security-crypto\6.5.6\spring-security-crypto-6.5.6.jar;C:\Users\arjos\.m2\repository\org\springframework\security\spring-security-web\6.5.6\spring-security-web-6.5.6.jar;C:\Users\arjos\.m2\repository\com\github\librepdf\openpdf\1.3.40\openpdf-1.3.40.jar;C:\Users\arjos\.m2\repository\org\projectlombok\lombok\1.18.42\lombok-1.18.42.jar;C:\Users\arjos\.m2\repository\org\springframework\boot\spring-boot\3.5.7\spring-boot-3.5.7.jar;C:\Users\arjos\.m2\repository\org\springframework\boot\spring-boot-autoconfigure\3.5.7\spring-boot-autoconfigure-3.5.7.jar;C:\Users\arjos\.m2\repository\org\springframework\spring-core\6.2.12\spring-core-6.2.12.jar;C:\Users\arjos\.m2\repository\org\springframework\spring-jcl\6.2.12\spring-jcl-6.2.12.jar; -sourcepath C:\Users\arjos\Downloads\fh\src\main\java;C:\Users\arjos\Downloads\fh\target\generated-sources\annotations; -s C:\Users\arjos\Downloads\fh\target\generated-sources\annotations -g -parameters --release 17 -encoding UTF-8
[DEBUG] incrementalBuildHelper#beforeRebuildExecution
[INFO] Compiling 84 source files with javac [debug release 17] to target\classes
[DEBUG] incrementalBuildHelper#afterRebuildExecution
[INFO] Annotation processing is enabled because one or more processors were found
  on the class path. A future release of javac may disable annotation processing
  unless at least one processor is specified by name (-processor), or a search
  path is specified (--processor-path, --processor-module-path), or annotation
  processing is enabled explicitly (-proc:only, -proc:full).
  Use -Xlint:-options to suppress this message.
  Use -proc:none to disable annotation processing.
[INFO] /C:/Users/arjos/Downloads/fh/src/main/java/com/academic/fh/config/SecurityConfig.java: C:\Users\arjos\Downloads\fh\src\main\java\com\academic\fh\config\SecurityConfig.java uses or overrides a deprecated API.
[INFO] /C:/Users/arjos/Downloads/fh/src/main/java/com/academic/fh/config/SecurityConfig.java: Recompile with -Xlint:deprecation for details.
[INFO] Some messages have been simplified; recompile with -Xdiags:verbose to get full output
[INFO] -------------------------------------------------------------
[ERROR] COMPILATION ERROR : 
[INFO] -------------------------------------------------------------
[ERROR] /C:/Users/arjos/Downloads/fh/src/main/java/com/academic/fh/service/VentaService.java:[56,63] incompatible types: java.lang.Long cannot be converted to java.lang.Integer
[ERROR] /C:/Users/arjos/Downloads/fh/src/main/java/com/academic/fh/controller/MetodoPagoController.java:[33,26] cannot find symbol
  symbol:   method save(com.academic.fh.model.MetodoPago)
  location: variable metodoPagoService of type com.academic.fh.service.MetodoPagoService
[ERROR] /C:/Users/arjos/Downloads/fh/src/main/java/com/academic/fh/controller/MetodoPagoController.java:[39,56] incompatible types: java.lang.Long cannot be converted to java.lang.Integer
[ERROR] /C:/Users/arjos/Downloads/fh/src/main/java/com/academic/fh/controller/MetodoPagoController.java:[46,26] cannot find symbol
  symbol:   method delete(java.lang.Long)
  location: variable metodoPagoService of type com.academic.fh.service.MetodoPagoService
[ERROR] /C:/Users/arjos/Downloads/fh/src/main/java/com/academic/fh/controller/publico/PublicProductController.java:[30,40] cannot find symbol
  symbol:   method buscarConFiltros(java.lang.String,java.lang.Long,java.lang.Double,java.lang.Double)
  location: variable productoService of type com.academic.fh.service.ProductoService
[ERROR] /C:/Users/arjos/Downloads/fh/src/main/java/com/academic/fh/controller/publico/PublicProductController.java:[41,49] incompatible types: java.lang.Long cannot be converted to java.lang.Integer
[ERROR] /C:/Users/arjos/Downloads/fh/src/main/java/com/academic/fh/controller/publico/CartController.java:[33,23] cannot find symbol
  symbol:   method agregarProducto(java.lang.Long,java.lang.Integer,jakarta.servlet.http.HttpSession)
  location: variable carritoService of type com.academic.fh.service.CarritoService
[ERROR] /C:/Users/arjos/Downloads/fh/src/main/java/com/academic/fh/controller/publico/CartController.java:[41,23] cannot find symbol
  symbol:   method eliminarItem(int,jakarta.servlet.http.HttpSession)
  location: variable carritoService of type com.academic.fh.service.CarritoService
[ERROR] /C:/Users/arjos/Downloads/fh/src/main/java/com/academic/fh/controller/ProductoController.java:[48,54] incompatible types: java.lang.Long cannot be converted to java.lang.Integer
[ERROR] /C:/Users/arjos/Downloads/fh/src/main/java/com/academic/fh/controller/ProductoController.java:[57,54] incompatible types: java.lang.Long cannot be converted to java.lang.Integer
[ERROR] /C:/Users/arjos/Downloads/fh/src/main/java/com/academic/fh/controller/ProductoController.java:[65,32] incompatible types: java.lang.Long cannot be converted to java.lang.Integer
[ERROR] /C:/Users/arjos/Downloads/fh/src/main/java/com/academic/fh/controller/InventarioController.java:[53,60] incompatible types: java.lang.Long cannot be converted to java.lang.Integer
[ERROR] /C:/Users/arjos/Downloads/fh/src/main/java/com/academic/fh/controller/InventarioController.java:[63,34] incompatible types: java.lang.Long cannot be converted to java.lang.Integer
[INFO] 13 errors 
[INFO] -------------------------------------------------------------
[INFO] ------------------------------------------------------------------------
[INFO] BUILD FAILURE
[INFO] ------------------------------------------------------------------------
[INFO] Total time:  9.846 s
[INFO] Finished at: 2025-11-29T10:03:19-05:00
[INFO] ------------------------------------------------------------------------
[ERROR] Failed to execute goal org.apache.maven.plugins:maven-compiler-plugin:3.11.0:compile (default-compile) on project fh: Compilation failure: Compilation failure: 
[ERROR] /C:/Users/arjos/Downloads/fh/src/main/java/com/academic/fh/service/VentaService.java:[56,63] incompatible types: java.lang.Long cannot be converted to java.lang.Integer
[ERROR] /C:/Users/arjos/Downloads/fh/src/main/java/com/academic/fh/controller/MetodoPagoController.java:[33,26] cannot find symbol
[ERROR]   symbol:   method save(com.academic.fh.model.MetodoPago)
[ERROR]   location: variable metodoPagoService of type com.academic.fh.service.MetodoPagoService
[ERROR] /C:/Users/arjos/Downloads/fh/src/main/java/com/academic/fh/controller/MetodoPagoController.java:[39,56] incompatible types: java.lang.Long cannot be converted to java.lang.Integer
[ERROR] /C:/Users/arjos/Downloads/fh/src/main/java/com/academic/fh/controller/MetodoPagoController.java:[46,26] cannot find symbol
[ERROR]   symbol:   method delete(java.lang.Long)
[ERROR]   location: variable metodoPagoService of type com.academic.fh.service.MetodoPagoService
[ERROR] /C:/Users/arjos/Downloads/fh/src/main/java/com/academic/fh/controller/publico/PublicProductController.java:[30,40] cannot find symbol
[ERROR]   symbol:   method buscarConFiltros(java.lang.String,java.lang.Long,java.lang.Double,java.lang.Double)
[ERROR]   location: variable productoService of type com.academic.fh.service.ProductoService
[ERROR] /C:/Users/arjos/Downloads/fh/src/main/java/com/academic/fh/controller/publico/PublicProductController.java:[41,49] incompatible types: java.lang.Long cannot be converted to java.lang.Integer
[ERROR] /C:/Users/arjos/Downloads/fh/src/main/java/com/academic/fh/controller/publico/CartController.java:[33,23] cannot find symbol
[ERROR]   symbol:   method agregarProducto(java.lang.Long,java.lang.Integer,jakarta.servlet.http.HttpSession)
[ERROR]   location: variable carritoService of type com.academic.fh.service.CarritoService
[ERROR] /C:/Users/arjos/Downloads/fh/src/main/java/com/academic/fh/controller/publico/CartController.java:[41,23] cannot find symbol
[ERROR]   symbol:   method eliminarItem(int,jakarta.servlet.http.HttpSession)
[ERROR]   location: variable carritoService of type com.academic.fh.service.CarritoService
[ERROR] /C:/Users/arjos/Downloads/fh/src/main/java/com/academic/fh/controller/ProductoController.java:[48,54] incompatible types: java.lang.Long cannot be converted to java.lang.Integer
[ERROR] /C:/Users/arjos/Downloads/fh/src/main/java/com/academic/fh/controller/ProductoController.java:[57,54] incompatible types: java.lang.Long cannot be converted to java.lang.Integer
[ERROR] /C:/Users/arjos/Downloads/fh/src/main/java/com/academic/fh/controller/ProductoController.java:[65,32] incompatible types: java.lang.Long cannot be converted to java.lang.Integer
[ERROR] /C:/Users/arjos/Downloads/fh/src/main/java/com/academic/fh/controller/InventarioController.java:[53,60] incompatible types: java.lang.Long cannot be converted to java.lang.Integer
[ERROR] /C:/Users/arjos/Downloads/fh/src/main/java/com/academic/fh/controller/InventarioController.java:[63,34] incompatible types: java.lang.Long cannot be converted to java.lang.Integer
[ERROR] -> [Help 1]
org.apache.maven.lifecycle.LifecycleExecutionException: Failed to execute goal org.apache.maven.plugins:maven-compiler-plugin:3.11.0:compile (default-compile) on project fh: Compilation failure
    at org.apache.maven.lifecycle.internal.MojoExecutor.doExecute2 (MojoExecutor.java:333)
    at org.apache.maven.lifecycle.internal.MojoExecutor.doExecute (MojoExecutor.java:316)
    at org.apache.maven.lifecycle.internal.MojoExecutor.execute (MojoExecutor.java:212)
    at org.apache.maven.lifecycle.internal.MojoExecutor.execute (MojoExecutor.java:174)
    at org.apache.maven.lifecycle.internal.MojoExecutor.access$000 (MojoExecutor.java:75)
    at org.apache.maven.lifecycle.internal.MojoExecutor$1.run (MojoExecutor.java:162)
    at org.apache.maven.plugin.DefaultMojosExecutionStrategy.execute (DefaultMojosExecutionStrategy.java:39)
    at org.apache.maven.lifecycle.internal.MojoExecutor.execute (MojoExecutor.java:159)
    at org.apache.maven.lifecycle.internal.LifecycleModuleBuilder.buildProject (LifecycleModuleBuilder.java:105)
    at org.apache.maven.lifecycle.internal.LifecycleModuleBuilder.buildProject (LifecycleModuleBuilder.java:73)
    at org.apache.maven.lifecycle.internal.builder.singlethreaded.SingleThreadedBuilder.build (SingleThreadedBuilder.java:53)
    at org.apache.maven.lifecycle.internal.LifecycleStarter.execute (LifecycleStarter.java:118)
    at org.apache.maven.DefaultMaven.doExecute (DefaultMaven.java:261)
    at org.apache.maven.DefaultMaven.doExecute (DefaultMaven.java:173)
    at org.apache.maven.DefaultMaven.execute (DefaultMaven.java:101)
    at org.apache.maven.cli.MavenCli.execute (MavenCli.java:906)
    at org.apache.maven.cli.MavenCli.doMain (MavenCli.java:283)
    at org.apache.maven.cli.MavenCli.main (MavenCli.java:206)
    at jdk.internal.reflect.DirectMethodHandleAccessor.invoke (DirectMethodHandleAccessor.java:103)
    at java.lang.reflect.Method.invoke (Method.java:580)
    at org.codehaus.plexus.classworlds.launcher.Launcher.launchEnhanced (Launcher.java:255)
    at org.codehaus.plexus.classworlds.launcher.Launcher.launch (Launcher.java:201)
    at org.codehaus.plexus.classworlds.launcher.Launcher.mainWithExitCode (Launcher.java:361)
    at org.codehaus.plexus.classworlds.launcher.Launcher.main (Launcher.java:314)
Caused by: org.apache.maven.plugin.compiler.CompilationFailureException: Compilation failure
    at org.apache.maven.plugin.compiler.AbstractCompilerMojo.execute (AbstractCompilerMojo.java:1212)
    at org.apache.maven.plugin.compiler.CompilerMojo.execute (CompilerMojo.java:193)
    at org.apache.maven.plugin.DefaultBuildPluginManager.executeMojo (DefaultBuildPluginManager.java:126)
    at org.apache.maven.lifecycle.internal.MojoExecutor.doExecute2 (MojoExecutor.java:328)
    at org.apache.maven.lifecycle.internal.MojoExecutor.doExecute (MojoExecutor.java:316)
    at org.apache.maven.lifecycle.internal.MojoExecutor.execute (MojoExecutor.java:212)
    at org.apache.maven.lifecycle.internal.MojoExecutor.execute (MojoExecutor.java:174)
    at org.apache.maven.lifecycle.internal.MojoExecutor.access$000 (MojoExecutor.java:75)
    at org.apache.maven.lifecycle.internal.MojoExecutor$1.run (MojoExecutor.java:162)
    at org.apache.maven.plugin.DefaultMojosExecutionStrategy.execute (DefaultMojosExecutionStrategy.java:39)
    at org.apache.maven.lifecycle.internal.MojoExecutor.execute (MojoExecutor.java:159)
    at org.apache.maven.lifecycle.internal.LifecycleModuleBuilder.buildProject (LifecycleModuleBuilder.java:105)
    at org.apache.maven.lifecycle.internal.LifecycleModuleBuilder.buildProject (LifecycleModuleBuilder.java:73)
    at org.apache.maven.lifecycle.internal.builder.singlethreaded.SingleThreadedBuilder.build (SingleThreadedBuilder.java:53)
    at org.apache.maven.lifecycle.internal.LifecycleStarter.execute (LifecycleStarter.java:118)
    at org.apache.maven.DefaultMaven.doExecute (DefaultMaven.java:261)
    at org.apache.maven.DefaultMaven.doExecute (DefaultMaven.java:173)
    at org.apache.maven.DefaultMaven.execute (DefaultMaven.java:101)
    at org.apache.maven.cli.MavenCli.execute (MavenCli.java:906)
    at org.apache.maven.cli.MavenCli.doMain (MavenCli.java:283)
    at org.apache.maven.cli.MavenCli.main (MavenCli.java:206)
    at jdk.internal.reflect.DirectMethodHandleAccessor.invoke (DirectMethodHandleAccessor.java:103)
    at java.lang.reflect.Method.invoke (Method.java:580)
    at org.codehaus.plexus.classworlds.launcher.Launcher.launchEnhanced (Launcher.java:255)
    at org.codehaus.plexus.classworlds.launcher.Launcher.launch (Launcher.java:201)
    at org.codehaus.plexus.classworlds.launcher.Launcher.mainWithExitCode (Launcher.java:361)
    at org.codehaus.plexus.classworlds.launcher.Launcher.main (Launcher.java:314)
[ERROR] 
[ERROR] 
[ERROR] For more information about the errors and possible solutions, please read the following articles:
[ERROR] [Help 1] http://cwiki.apache.org/confluence/display/MAVEN/MojoFailureException
[DEBUG] Shutting down adapter factory; available factories [file-lock, rwlock-local, semaphore-local, noop]; available name mappers [discriminating, file-gav, file-hgav, file-static, gav, static]
[DEBUG] Shutting down 'file-lock' factory
[DEBUG] Shutting down 'rwlock-local' factory
[DEBUG] Shutting down 'semaphore-local' factory
[DEBUG] Shutting down 'noop' factory
